Component: ARM Compiler 5.06 update 1 (build 61) Tool: armlink [4d35a8]

==============================================================================

Section Cross References

    bootloader.o(i.BL_CopyTempToApp) refers to bootloader.o(i.BL_EraseAppArea) for BL_EraseAppArea
    bootloader.o(i.BL_CopyTempToApp) refers to ip_flash.o(i.IP_FLASH_Unlock) for IP_FLASH_Unlock
    bootloader.o(i.BL_CopyTempToApp) refers to ip_flash.o(i.IP_FLASH_ProgramWord) for IP_FLASH_ProgramWord
    bootloader.o(i.BL_CopyTempToApp) refers to ip_flash.o(i.IP_FLASH_Lock) for IP_FLASH_Lock
    bootloader.o(i.BL_CopyTempToApp) refers to bootloader.o(.data) for g_fwSize
    bootloader.o(i.BL_EraseAppArea) refers to ip_flash.o(i.IP_FLASH_Unlock) for IP_FLASH_Unlock
    bootloader.o(i.BL_EraseAppArea) refers to ip_flash.o(i.IP_FLASH_ErasePage) for IP_FLASH_ErasePage
    bootloader.o(i.BL_EraseAppArea) refers to ip_flash.o(i.IP_FLASH_Lock) for IP_FLASH_Lock
    bootloader.o(i.BL_EraseTempArea) refers to ip_flash.o(i.IP_FLASH_Unlock) for IP_FLASH_Unlock
    bootloader.o(i.BL_EraseTempArea) refers to ip_flash.o(i.IP_FLASH_ErasePage) for IP_FLASH_ErasePage
    bootloader.o(i.BL_EraseTempArea) refers to ip_flash.o(i.IP_FLASH_Lock) for IP_FLASH_Lock
    bootloader.o(i.BL_ProcessPacket) refers to protocol.o(i.Protocol_ReceivePacket) for Protocol_ReceivePacket
    bootloader.o(i.BL_ProcessPacket) refers to bootloader.o(i.BL_SendNack) for BL_SendNack
    bootloader.o(i.BL_ProcessPacket) refers to bootloader.o(i.BL_EraseTempArea) for BL_EraseTempArea
    bootloader.o(i.BL_ProcessPacket) refers to bootloader.o(i.BL_SendAck) for BL_SendAck
    bootloader.o(i.BL_ProcessPacket) refers to bootloader.o(i.BL_WriteDataToTemp) for BL_WriteDataToTemp
    bootloader.o(i.BL_ProcessPacket) refers to bootloader.o(i.BL_CopyTempToApp) for BL_CopyTempToApp
    bootloader.o(i.BL_ProcessPacket) refers to bootloader.o(i.BL_CheckAppValid) for BL_CheckAppValid
    bootloader.o(i.BL_ProcessPacket) refers to bootloader.o(i.BL_JumpToApp) for BL_JumpToApp
    bootloader.o(i.BL_ProcessPacket) refers to bootloader.o(.bss) for g_packet
    bootloader.o(i.BL_ProcessPacket) refers to bootloader.o(.data) for g_blState
    bootloader.o(i.BL_SendAck) refers to ip_uart.o(i.IP_UART_SendByte) for IP_UART_SendByte
    bootloader.o(i.BL_SendNack) refers to ip_uart.o(i.IP_UART_SendByte) for IP_UART_SendByte
    bootloader.o(i.BL_WriteDataToTemp) refers to ip_flash.o(i.IP_FLASH_Unlock) for IP_FLASH_Unlock
    bootloader.o(i.BL_WriteDataToTemp) refers to ip_flash.o(i.IP_FLASH_Lock) for IP_FLASH_Lock
    bootloader.o(i.BL_WriteDataToTemp) refers to ip_flash.o(i.IP_FLASH_ProgramWord) for IP_FLASH_ProgramWord
    bootloader.o(i.BL_WriteDataToTemp) refers to bootloader.o(.data) for g_writeAddress
    bootloader.o(i.Bootloader_Run) refers to ip_uart.o(i.IP_UART_Init) for IP_UART_Init
    bootloader.o(i.Bootloader_Run) refers to ip_uart.o(i.IP_UART_Available) for IP_UART_Available
    bootloader.o(i.Bootloader_Run) refers to bootloader.o(i.BL_CheckAppValid) for BL_CheckAppValid
    bootloader.o(i.Bootloader_Run) refers to bootloader.o(i.BL_JumpToApp) for BL_JumpToApp
    bootloader.o(i.Bootloader_Run) refers to bootloader.o(i.BL_ProcessPacket) for BL_ProcessPacket
    bootloader.o(i.Bootloader_Run) refers to bootloader.o(.data) for g_blState
    ip_flash.o(i.IP_FLASH_ErasePage) refers to stm32f10x_flash.o(i.FLASH_ClearFlag) for FLASH_ClearFlag
    ip_flash.o(i.IP_FLASH_ErasePage) refers to stm32f10x_flash.o(i.FLASH_ErasePage) for FLASH_ErasePage
    ip_flash.o(i.IP_FLASH_Lock) refers to stm32f10x_flash.o(i.FLASH_Lock) for FLASH_Lock
    ip_flash.o(i.IP_FLASH_ProgramWord) refers to stm32f10x_flash.o(i.FLASH_ClearFlag) for FLASH_ClearFlag
    ip_flash.o(i.IP_FLASH_ProgramWord) refers to stm32f10x_flash.o(i.FLASH_ProgramWord) for FLASH_ProgramWord
    ip_flash.o(i.IP_FLASH_Unlock) refers to stm32f10x_flash.o(i.FLASH_Unlock) for FLASH_Unlock
    ip_uart.o(i.IP_UART_Available) refers to stm32f10x_usart.o(i.USART_GetFlagStatus) for USART_GetFlagStatus
    ip_uart.o(i.IP_UART_Init) refers to stm32f10x_rcc.o(i.RCC_APB2PeriphClockCmd) for RCC_APB2PeriphClockCmd
    ip_uart.o(i.IP_UART_Init) refers to stm32f10x_gpio.o(i.GPIO_Init) for GPIO_Init
    ip_uart.o(i.IP_UART_Init) refers to stm32f10x_usart.o(i.USART_Init) for USART_Init
    ip_uart.o(i.IP_UART_Init) refers to stm32f10x_usart.o(i.USART_Cmd) for USART_Cmd
    ip_uart.o(i.IP_UART_ReceiveByte) refers to stm32f10x_usart.o(i.USART_GetFlagStatus) for USART_GetFlagStatus
    ip_uart.o(i.IP_UART_ReceiveByte) refers to stm32f10x_usart.o(i.USART_ReceiveData) for USART_ReceiveData
    ip_uart.o(i.IP_UART_SendByte) refers to stm32f10x_usart.o(i.USART_GetFlagStatus) for USART_GetFlagStatus
    ip_uart.o(i.IP_UART_SendByte) refers to stm32f10x_usart.o(i.USART_SendData) for USART_SendData
    main.o(i.main) refers to bootloader.o(i.Bootloader_Run) for Bootloader_Run
    protocol.o(i.Protocol_ReceivePacket) refers to ip_uart.o(i.IP_UART_ReceiveByte) for IP_UART_ReceiveByte
    protocol.o(i.Protocol_ReceivePacket) refers to crc.o(i.CRC_CalcChecksum) for CRC_CalcChecksum
    stm32f10x_flash.o(i.FLASH_ClearFlag) refers to assert.o(i.assert_param) for assert_param
    stm32f10x_flash.o(i.FLASH_EnableWriteProtection) refers to assert.o(i.assert_param) for assert_param
    stm32f10x_flash.o(i.FLASH_EnableWriteProtection) refers to stm32f10x_flash.o(i.FLASH_WaitForLastOperation) for FLASH_WaitForLastOperation
    stm32f10x_flash.o(i.FLASH_EraseAllBank1Pages) refers to stm32f10x_flash.o(i.FLASH_WaitForLastBank1Operation) for FLASH_WaitForLastBank1Operation
    stm32f10x_flash.o(i.FLASH_EraseAllPages) refers to stm32f10x_flash.o(i.FLASH_WaitForLastOperation) for FLASH_WaitForLastOperation
    stm32f10x_flash.o(i.FLASH_EraseOptionBytes) refers to stm32f10x_flash.o(i.FLASH_GetReadOutProtectionStatus) for FLASH_GetReadOutProtectionStatus
    stm32f10x_flash.o(i.FLASH_EraseOptionBytes) refers to stm32f10x_flash.o(i.FLASH_WaitForLastOperation) for FLASH_WaitForLastOperation
    stm32f10x_flash.o(i.FLASH_ErasePage) refers to assert.o(i.assert_param) for assert_param
    stm32f10x_flash.o(i.FLASH_ErasePage) refers to stm32f10x_flash.o(i.FLASH_WaitForLastOperation) for FLASH_WaitForLastOperation
    stm32f10x_flash.o(i.FLASH_GetFlagStatus) refers to assert.o(i.assert_param) for assert_param
    stm32f10x_flash.o(i.FLASH_HalfCycleAccessCmd) refers to assert.o(i.assert_param) for assert_param
    stm32f10x_flash.o(i.FLASH_ITConfig) refers to assert.o(i.assert_param) for assert_param
    stm32f10x_flash.o(i.FLASH_PrefetchBufferCmd) refers to assert.o(i.assert_param) for assert_param
    stm32f10x_flash.o(i.FLASH_ProgramHalfWord) refers to assert.o(i.assert_param) for assert_param
    stm32f10x_flash.o(i.FLASH_ProgramHalfWord) refers to stm32f10x_flash.o(i.FLASH_WaitForLastOperation) for FLASH_WaitForLastOperation
    stm32f10x_flash.o(i.FLASH_ProgramOptionByteData) refers to assert.o(i.assert_param) for assert_param
    stm32f10x_flash.o(i.FLASH_ProgramOptionByteData) refers to stm32f10x_flash.o(i.FLASH_WaitForLastOperation) for FLASH_WaitForLastOperation
    stm32f10x_flash.o(i.FLASH_ProgramWord) refers to assert.o(i.assert_param) for assert_param
    stm32f10x_flash.o(i.FLASH_ProgramWord) refers to stm32f10x_flash.o(i.FLASH_WaitForLastOperation) for FLASH_WaitForLastOperation
    stm32f10x_flash.o(i.FLASH_ReadOutProtection) refers to assert.o(i.assert_param) for assert_param
    stm32f10x_flash.o(i.FLASH_ReadOutProtection) refers to stm32f10x_flash.o(i.FLASH_WaitForLastOperation) for FLASH_WaitForLastOperation
    stm32f10x_flash.o(i.FLASH_SetLatency) refers to assert.o(i.assert_param) for assert_param
    stm32f10x_flash.o(i.FLASH_UserOptionByteConfig) refers to assert.o(i.assert_param) for assert_param
    stm32f10x_flash.o(i.FLASH_UserOptionByteConfig) refers to stm32f10x_flash.o(i.FLASH_WaitForLastOperation) for FLASH_WaitForLastOperation
    stm32f10x_flash.o(i.FLASH_WaitForLastBank1Operation) refers to stm32f10x_flash.o(i.FLASH_GetBank1Status) for FLASH_GetBank1Status
    stm32f10x_flash.o(i.FLASH_WaitForLastOperation) refers to stm32f10x_flash.o(i.FLASH_GetBank1Status) for FLASH_GetBank1Status
    stm32f10x_gpio.o(i.GPIO_AFIODeInit) refers to stm32f10x_rcc.o(i.RCC_APB2PeriphResetCmd) for RCC_APB2PeriphResetCmd
    stm32f10x_gpio.o(i.GPIO_DeInit) refers to assert.o(i.assert_param) for assert_param
    stm32f10x_gpio.o(i.GPIO_DeInit) refers to stm32f10x_rcc.o(i.RCC_APB2PeriphResetCmd) for RCC_APB2PeriphResetCmd
    stm32f10x_gpio.o(i.GPIO_ETH_MediaInterfaceConfig) refers to assert.o(i.assert_param) for assert_param
    stm32f10x_gpio.o(i.GPIO_EXTILineConfig) refers to assert.o(i.assert_param) for assert_param
    stm32f10x_gpio.o(i.GPIO_EventOutputCmd) refers to assert.o(i.assert_param) for assert_param
    stm32f10x_gpio.o(i.GPIO_EventOutputConfig) refers to assert.o(i.assert_param) for assert_param
    stm32f10x_gpio.o(i.GPIO_Init) refers to assert.o(i.assert_param) for assert_param
    stm32f10x_gpio.o(i.GPIO_PinLockConfig) refers to assert.o(i.assert_param) for assert_param
    stm32f10x_gpio.o(i.GPIO_PinRemapConfig) refers to assert.o(i.assert_param) for assert_param
    stm32f10x_gpio.o(i.GPIO_ReadInputData) refers to assert.o(i.assert_param) for assert_param
    stm32f10x_gpio.o(i.GPIO_ReadInputDataBit) refers to assert.o(i.assert_param) for assert_param
    stm32f10x_gpio.o(i.GPIO_ReadOutputData) refers to assert.o(i.assert_param) for assert_param
    stm32f10x_gpio.o(i.GPIO_ReadOutputDataBit) refers to assert.o(i.assert_param) for assert_param
    stm32f10x_gpio.o(i.GPIO_ResetBits) refers to assert.o(i.assert_param) for assert_param
    stm32f10x_gpio.o(i.GPIO_SetBits) refers to assert.o(i.assert_param) for assert_param
    stm32f10x_gpio.o(i.GPIO_Write) refers to assert.o(i.assert_param) for assert_param
    stm32f10x_gpio.o(i.GPIO_WriteBit) refers to assert.o(i.assert_param) for assert_param
    stm32f10x_rcc.o(i.RCC_ADCCLKConfig) refers to assert.o(i.assert_param) for assert_param
    stm32f10x_rcc.o(i.RCC_AHBPeriphClockCmd) refers to assert.o(i.assert_param) for assert_param
    stm32f10x_rcc.o(i.RCC_APB1PeriphClockCmd) refers to assert.o(i.assert_param) for assert_param
    stm32f10x_rcc.o(i.RCC_APB1PeriphResetCmd) refers to assert.o(i.assert_param) for assert_param
    stm32f10x_rcc.o(i.RCC_APB2PeriphClockCmd) refers to assert.o(i.assert_param) for assert_param
    stm32f10x_rcc.o(i.RCC_APB2PeriphResetCmd) refers to assert.o(i.assert_param) for assert_param
    stm32f10x_rcc.o(i.RCC_AdjustHSICalibrationValue) refers to assert.o(i.assert_param) for assert_param
    stm32f10x_rcc.o(i.RCC_BackupResetCmd) refers to assert.o(i.assert_param) for assert_param
    stm32f10x_rcc.o(i.RCC_ClearITPendingBit) refers to assert.o(i.assert_param) for assert_param
    stm32f10x_rcc.o(i.RCC_ClockSecuritySystemCmd) refers to assert.o(i.assert_param) for assert_param
    stm32f10x_rcc.o(i.RCC_GetClocksFreq) refers to stm32f10x_rcc.o(.data) for APBAHBPrescTable
    stm32f10x_rcc.o(i.RCC_GetFlagStatus) refers to assert.o(i.assert_param) for assert_param
    stm32f10x_rcc.o(i.RCC_GetITStatus) refers to assert.o(i.assert_param) for assert_param
    stm32f10x_rcc.o(i.RCC_HCLKConfig) refers to assert.o(i.assert_param) for assert_param
    stm32f10x_rcc.o(i.RCC_HSEConfig) refers to assert.o(i.assert_param) for assert_param
    stm32f10x_rcc.o(i.RCC_HSICmd) refers to assert.o(i.assert_param) for assert_param
    stm32f10x_rcc.o(i.RCC_ITConfig) refers to assert.o(i.assert_param) for assert_param
    stm32f10x_rcc.o(i.RCC_LSEConfig) refers to assert.o(i.assert_param) for assert_param
    stm32f10x_rcc.o(i.RCC_LSICmd) refers to assert.o(i.assert_param) for assert_param
    stm32f10x_rcc.o(i.RCC_MCOConfig) refers to assert.o(i.assert_param) for assert_param
    stm32f10x_rcc.o(i.RCC_PCLK1Config) refers to assert.o(i.assert_param) for assert_param
    stm32f10x_rcc.o(i.RCC_PCLK2Config) refers to assert.o(i.assert_param) for assert_param
    stm32f10x_rcc.o(i.RCC_PLLCmd) refers to assert.o(i.assert_param) for assert_param
    stm32f10x_rcc.o(i.RCC_PLLConfig) refers to assert.o(i.assert_param) for assert_param
    stm32f10x_rcc.o(i.RCC_RTCCLKCmd) refers to assert.o(i.assert_param) for assert_param
    stm32f10x_rcc.o(i.RCC_RTCCLKConfig) refers to assert.o(i.assert_param) for assert_param
    stm32f10x_rcc.o(i.RCC_SYSCLKConfig) refers to assert.o(i.assert_param) for assert_param
    stm32f10x_rcc.o(i.RCC_USBCLKConfig) refers to assert.o(i.assert_param) for assert_param
    stm32f10x_rcc.o(i.RCC_WaitForHSEStartUp) refers to stm32f10x_rcc.o(i.RCC_GetFlagStatus) for RCC_GetFlagStatus
    stm32f10x_usart.o(i.USART_ClearFlag) refers to assert.o(i.assert_param) for assert_param
    stm32f10x_usart.o(i.USART_ClearITPendingBit) refers to assert.o(i.assert_param) for assert_param
    stm32f10x_usart.o(i.USART_ClockInit) refers to assert.o(i.assert_param) for assert_param
    stm32f10x_usart.o(i.USART_Cmd) refers to assert.o(i.assert_param) for assert_param
    stm32f10x_usart.o(i.USART_DMACmd) refers to assert.o(i.assert_param) for assert_param
    stm32f10x_usart.o(i.USART_DeInit) refers to assert.o(i.assert_param) for assert_param
    stm32f10x_usart.o(i.USART_DeInit) refers to stm32f10x_rcc.o(i.RCC_APB2PeriphResetCmd) for RCC_APB2PeriphResetCmd
    stm32f10x_usart.o(i.USART_DeInit) refers to stm32f10x_rcc.o(i.RCC_APB1PeriphResetCmd) for RCC_APB1PeriphResetCmd
    stm32f10x_usart.o(i.USART_GetFlagStatus) refers to assert.o(i.assert_param) for assert_param
    stm32f10x_usart.o(i.USART_GetITStatus) refers to assert.o(i.assert_param) for assert_param
    stm32f10x_usart.o(i.USART_HalfDuplexCmd) refers to assert.o(i.assert_param) for assert_param
    stm32f10x_usart.o(i.USART_ITConfig) refers to assert.o(i.assert_param) for assert_param
    stm32f10x_usart.o(i.USART_Init) refers to assert.o(i.assert_param) for assert_param
    stm32f10x_usart.o(i.USART_Init) refers to stm32f10x_rcc.o(i.RCC_GetClocksFreq) for RCC_GetClocksFreq
    stm32f10x_usart.o(i.USART_IrDACmd) refers to assert.o(i.assert_param) for assert_param
    stm32f10x_usart.o(i.USART_IrDAConfig) refers to assert.o(i.assert_param) for assert_param
    stm32f10x_usart.o(i.USART_LINBreakDetectLengthConfig) refers to assert.o(i.assert_param) for assert_param
    stm32f10x_usart.o(i.USART_LINCmd) refers to assert.o(i.assert_param) for assert_param
    stm32f10x_usart.o(i.USART_OneBitMethodCmd) refers to assert.o(i.assert_param) for assert_param
    stm32f10x_usart.o(i.USART_OverSampling8Cmd) refers to assert.o(i.assert_param) for assert_param
    stm32f10x_usart.o(i.USART_ReceiveData) refers to assert.o(i.assert_param) for assert_param
    stm32f10x_usart.o(i.USART_ReceiverWakeUpCmd) refers to assert.o(i.assert_param) for assert_param
    stm32f10x_usart.o(i.USART_SendBreak) refers to assert.o(i.assert_param) for assert_param
    stm32f10x_usart.o(i.USART_SendData) refers to assert.o(i.assert_param) for assert_param
    stm32f10x_usart.o(i.USART_SetAddress) refers to assert.o(i.assert_param) for assert_param
    stm32f10x_usart.o(i.USART_SetGuardTime) refers to assert.o(i.assert_param) for assert_param
    stm32f10x_usart.o(i.USART_SetPrescaler) refers to assert.o(i.assert_param) for assert_param
    stm32f10x_usart.o(i.USART_SmartCardCmd) refers to assert.o(i.assert_param) for assert_param
    stm32f10x_usart.o(i.USART_SmartCardNACKCmd) refers to assert.o(i.assert_param) for assert_param
    stm32f10x_usart.o(i.USART_WakeUpConfig) refers to assert.o(i.assert_param) for assert_param
    gpio_stm32f10x.o(i.GPIO_PinConfigure) refers to gpio_stm32f10x.o(i.GPIO_GetPortClockState) for GPIO_GetPortClockState
    gpio_stm32f10x.o(i.GPIO_PinConfigure) refers to gpio_stm32f10x.o(i.GPIO_PortClock) for GPIO_PortClock
    startup_stm32f10x_md.o(STACK) refers (Special) to heapauxi.o(.text) for __use_two_region_memory
    startup_stm32f10x_md.o(HEAP) refers (Special) to heapauxi.o(.text) for __use_two_region_memory
    startup_stm32f10x_md.o(RESET) refers (Special) to heapauxi.o(.text) for __use_two_region_memory
    startup_stm32f10x_md.o(RESET) refers to startup_stm32f10x_md.o(STACK) for __initial_sp
    startup_stm32f10x_md.o(RESET) refers to startup_stm32f10x_md.o(.text) for Reset_Handler
    startup_stm32f10x_md.o(.text) refers (Special) to heapauxi.o(.text) for __use_two_region_memory
    startup_stm32f10x_md.o(.text) refers to system_stm32f10x.o(i.SystemInit) for SystemInit
    startup_stm32f10x_md.o(.text) refers to __main.o(!!!main) for __main
    startup_stm32f10x_md.o(.text) refers to startup_stm32f10x_md.o(HEAP) for Heap_Mem
    startup_stm32f10x_md.o(.text) refers to startup_stm32f10x_md.o(STACK) for Stack_Mem
    system_stm32f10x.o(i.SetSysClock) refers to system_stm32f10x.o(i.SetSysClockTo72) for SetSysClockTo72
    system_stm32f10x.o(i.SystemCoreClockUpdate) refers to system_stm32f10x.o(.data) for SystemCoreClock
    system_stm32f10x.o(i.SystemInit) refers to system_stm32f10x.o(i.SetSysClock) for SetSysClock
    __main.o(!!!main) refers to __rtentry.o(.ARM.Collect$$rtentry$$00000000) for __rt_entry
    __rtentry.o(.ARM.Collect$$rtentry$$00000000) refers (Special) to __rtentry2.o(.ARM.Collect$$rtentry$$0000000A) for __rt_entry_li
    __rtentry.o(.ARM.Collect$$rtentry$$00000000) refers (Special) to __rtentry2.o(.ARM.Collect$$rtentry$$0000000D) for __rt_entry_main
    __rtentry.o(.ARM.Collect$$rtentry$$00000000) refers (Special) to __rtentry2.o(.ARM.Collect$$rtentry$$0000000C) for __rt_entry_postli_1
    __rtentry.o(.ARM.Collect$$rtentry$$00000000) refers (Special) to __rtentry2.o(.ARM.Collect$$rtentry$$00000009) for __rt_entry_postsh_1
    __rtentry.o(.ARM.Collect$$rtentry$$00000000) refers (Special) to __rtentry2.o(.ARM.Collect$$rtentry$$00000002) for __rt_entry_presh_1
    __rtentry.o(.ARM.Collect$$rtentry$$00000000) refers (Special) to __rtentry4.o(.ARM.Collect$$rtentry$$00000004) for __rt_entry_sh
    __rtentry2.o(.ARM.Collect$$rtentry$$00000008) refers to boardinit2.o(.text) for _platform_post_stackheap_init
    __rtentry2.o(.ARM.Collect$$rtentry$$0000000A) refers to libinit.o(.ARM.Collect$$libinit$$00000000) for __rt_lib_init
    __rtentry2.o(.ARM.Collect$$rtentry$$0000000B) refers to boardinit3.o(.text) for _platform_post_lib_init
    __rtentry2.o(.ARM.Collect$$rtentry$$0000000D) refers to main.o(i.main) for main
    __rtentry2.o(.ARM.Collect$$rtentry$$0000000D) refers to exit.o(.text) for exit
    __rtentry2.o(.ARM.exidx) refers to __rtentry2.o(.ARM.Collect$$rtentry$$00000001) for .ARM.Collect$$rtentry$$00000001
    __rtentry2.o(.ARM.exidx) refers to __rtentry2.o(.ARM.Collect$$rtentry$$00000008) for .ARM.Collect$$rtentry$$00000008
    __rtentry2.o(.ARM.exidx) refers to __rtentry2.o(.ARM.Collect$$rtentry$$0000000A) for .ARM.Collect$$rtentry$$0000000A
    __rtentry2.o(.ARM.exidx) refers to __rtentry2.o(.ARM.Collect$$rtentry$$0000000B) for .ARM.Collect$$rtentry$$0000000B
    __rtentry2.o(.ARM.exidx) refers to __rtentry2.o(.ARM.Collect$$rtentry$$0000000D) for .ARM.Collect$$rtentry$$0000000D
    __rtentry4.o(.ARM.Collect$$rtentry$$00000004) refers to sys_stackheap_outer.o(.text) for __user_setup_stackheap
    __rtentry4.o(.ARM.exidx) refers to __rtentry4.o(.ARM.Collect$$rtentry$$00000004) for .ARM.Collect$$rtentry$$00000004
    sys_stackheap_outer.o(.text) refers to libspace.o(.text) for __user_perproc_libspace
    sys_stackheap_outer.o(.text) refers to startup_stm32f10x_md.o(.text) for __user_initial_stackheap
    exit.o(.text) refers to rtexit.o(.ARM.Collect$$rtexit$$00000000) for __rt_exit
    libinit.o(.ARM.Collect$$libinit$$00000000) refers (Special) to libinit2.o(.ARM.Collect$$libinit$$0000002E) for __rt_lib_init_alloca_1
    libinit.o(.ARM.Collect$$libinit$$00000000) refers (Special) to libinit2.o(.ARM.Collect$$libinit$$0000002C) for __rt_lib_init_argv_1
    libinit.o(.ARM.Collect$$libinit$$00000000) refers (Special) to libinit2.o(.ARM.Collect$$libinit$$0000001B) for __rt_lib_init_atexit_1
    libinit.o(.ARM.Collect$$libinit$$00000000) refers (Special) to libinit2.o(.ARM.Collect$$libinit$$00000021) for __rt_lib_init_clock_1
    libinit.o(.ARM.Collect$$libinit$$00000000) refers (Special) to libinit2.o(.ARM.Collect$$libinit$$00000032) for __rt_lib_init_cpp_1
    libinit.o(.ARM.Collect$$libinit$$00000000) refers (Special) to libinit2.o(.ARM.Collect$$libinit$$00000030) for __rt_lib_init_exceptions_1
    libinit.o(.ARM.Collect$$libinit$$00000000) refers (Special) to libinit2.o(.ARM.Collect$$libinit$$00000002) for __rt_lib_init_fp_1
    libinit.o(.ARM.Collect$$libinit$$00000000) refers (Special) to libinit2.o(.ARM.Collect$$libinit$$0000001F) for __rt_lib_init_fp_trap_1
    libinit.o(.ARM.Collect$$libinit$$00000000) refers (Special) to libinit2.o(.ARM.Collect$$libinit$$00000023) for __rt_lib_init_getenv_1
    libinit.o(.ARM.Collect$$libinit$$00000000) refers (Special) to libinit2.o(.ARM.Collect$$libinit$$0000000A) for __rt_lib_init_heap_1
    libinit.o(.ARM.Collect$$libinit$$00000000) refers (Special) to libinit2.o(.ARM.Collect$$libinit$$00000011) for __rt_lib_init_lc_collate_1
    libinit.o(.ARM.Collect$$libinit$$00000000) refers (Special) to libinit2.o(.ARM.Collect$$libinit$$00000013) for __rt_lib_init_lc_ctype_1
    libinit.o(.ARM.Collect$$libinit$$00000000) refers (Special) to libinit2.o(.ARM.Collect$$libinit$$00000015) for __rt_lib_init_lc_monetary_1
    libinit.o(.ARM.Collect$$libinit$$00000000) refers (Special) to libinit2.o(.ARM.Collect$$libinit$$00000017) for __rt_lib_init_lc_numeric_1
    libinit.o(.ARM.Collect$$libinit$$00000000) refers (Special) to libinit2.o(.ARM.Collect$$libinit$$00000019) for __rt_lib_init_lc_time_1
    libinit.o(.ARM.Collect$$libinit$$00000000) refers (Special) to libinit2.o(.ARM.Collect$$libinit$$00000004) for __rt_lib_init_preinit_1
    libinit.o(.ARM.Collect$$libinit$$00000000) refers (Special) to libinit2.o(.ARM.Collect$$libinit$$0000000E) for __rt_lib_init_rand_1
    libinit.o(.ARM.Collect$$libinit$$00000000) refers (Special) to libinit2.o(.ARM.Collect$$libinit$$00000033) for __rt_lib_init_return
    libinit.o(.ARM.Collect$$libinit$$00000000) refers (Special) to libinit2.o(.ARM.Collect$$libinit$$0000001D) for __rt_lib_init_signal_1
    libinit.o(.ARM.Collect$$libinit$$00000000) refers (Special) to libinit2.o(.ARM.Collect$$libinit$$00000025) for __rt_lib_init_stdio_1
    libinit.o(.ARM.Collect$$libinit$$00000000) refers (Special) to libinit2.o(.ARM.Collect$$libinit$$0000000C) for __rt_lib_init_user_alloc_1
    libspace.o(.text) refers to libspace.o(.bss) for __libspace_start
    rtexit.o(.ARM.Collect$$rtexit$$00000000) refers (Special) to rtexit2.o(.ARM.Collect$$rtexit$$00000004) for __rt_exit_exit
    rtexit.o(.ARM.Collect$$rtexit$$00000000) refers (Special) to rtexit2.o(.ARM.Collect$$rtexit$$00000003) for __rt_exit_ls
    rtexit.o(.ARM.Collect$$rtexit$$00000000) refers (Special) to rtexit2.o(.ARM.Collect$$rtexit$$00000002) for __rt_exit_prels_1
    rtexit.o(.ARM.exidx) refers (Special) to rtexit2.o(.ARM.Collect$$rtexit$$00000004) for __rt_exit_exit
    rtexit.o(.ARM.exidx) refers (Special) to rtexit2.o(.ARM.Collect$$rtexit$$00000003) for __rt_exit_ls
    rtexit.o(.ARM.exidx) refers (Special) to rtexit2.o(.ARM.Collect$$rtexit$$00000002) for __rt_exit_prels_1
    rtexit.o(.ARM.exidx) refers to rtexit.o(.ARM.Collect$$rtexit$$00000000) for .ARM.Collect$$rtexit$$00000000
    libinit2.o(.ARM.Collect$$libinit$$00000010) refers to libinit2.o(.ARM.Collect$$libinit$$0000000F) for .ARM.Collect$$libinit$$0000000F
    libinit2.o(.ARM.Collect$$libinit$$00000012) refers to libinit2.o(.ARM.Collect$$libinit$$0000000F) for .ARM.Collect$$libinit$$0000000F
    libinit2.o(.ARM.Collect$$libinit$$00000014) refers to libinit2.o(.ARM.Collect$$libinit$$0000000F) for .ARM.Collect$$libinit$$0000000F
    libinit2.o(.ARM.Collect$$libinit$$00000016) refers to libinit2.o(.ARM.Collect$$libinit$$0000000F) for .ARM.Collect$$libinit$$0000000F
    libinit2.o(.ARM.Collect$$libinit$$00000018) refers to libinit2.o(.ARM.Collect$$libinit$$0000000F) for .ARM.Collect$$libinit$$0000000F
    libinit2.o(.ARM.Collect$$libinit$$00000026) refers to argv_veneer.o(.emb_text) for __ARM_argv_veneer
    libinit2.o(.ARM.Collect$$libinit$$00000027) refers to argv_veneer.o(.emb_text) for __ARM_argv_veneer
    rtexit2.o(.ARM.Collect$$rtexit$$00000003) refers to libshutdown.o(.ARM.Collect$$libshutdown$$00000000) for __rt_lib_shutdown
    rtexit2.o(.ARM.Collect$$rtexit$$00000004) refers to sys_exit.o(.text) for _sys_exit
    rtexit2.o(.ARM.exidx) refers to rtexit2.o(.ARM.Collect$$rtexit$$00000001) for .ARM.Collect$$rtexit$$00000001
    rtexit2.o(.ARM.exidx) refers to rtexit2.o(.ARM.Collect$$rtexit$$00000003) for .ARM.Collect$$rtexit$$00000003
    rtexit2.o(.ARM.exidx) refers to rtexit2.o(.ARM.Collect$$rtexit$$00000004) for .ARM.Collect$$rtexit$$00000004
    argv_veneer.o(.emb_text) refers to no_argv.o(.text) for __ARM_get_argv
    sys_exit.o(.text) refers (Special) to use_no_semi.o(.text) for __I$use$semihosting
    sys_exit.o(.text) refers (Special) to indicate_semi.o(.text) for __semihosting_library_function
    _get_argv_nomalloc.o(.text) refers (Special) to hrguard.o(.text) for __heap_region$guard
    _get_argv_nomalloc.o(.text) refers to defsig_rtmem_outer.o(.text) for __rt_SIGRTMEM
    _get_argv_nomalloc.o(.text) refers to sys_command.o(.text) for _sys_command_string
    libshutdown.o(.ARM.Collect$$libshutdown$$00000000) refers (Special) to libshutdown2.o(.ARM.Collect$$libshutdown$$00000002) for __rt_lib_shutdown_cpp_1
    libshutdown.o(.ARM.Collect$$libshutdown$$00000000) refers (Special) to libshutdown2.o(.ARM.Collect$$libshutdown$$00000007) for __rt_lib_shutdown_fp_trap_1
    libshutdown.o(.ARM.Collect$$libshutdown$$00000000) refers (Special) to libshutdown2.o(.ARM.Collect$$libshutdown$$0000000F) for __rt_lib_shutdown_heap_1
    libshutdown.o(.ARM.Collect$$libshutdown$$00000000) refers (Special) to libshutdown2.o(.ARM.Collect$$libshutdown$$00000010) for __rt_lib_shutdown_return
    libshutdown.o(.ARM.Collect$$libshutdown$$00000000) refers (Special) to libshutdown2.o(.ARM.Collect$$libshutdown$$0000000A) for __rt_lib_shutdown_signal_1
    libshutdown.o(.ARM.Collect$$libshutdown$$00000000) refers (Special) to libshutdown2.o(.ARM.Collect$$libshutdown$$00000004) for __rt_lib_shutdown_stdio_1
    libshutdown.o(.ARM.Collect$$libshutdown$$00000000) refers (Special) to libshutdown2.o(.ARM.Collect$$libshutdown$$0000000C) for __rt_lib_shutdown_user_alloc_1
    sys_command.o(.text) refers (Special) to use_no_semi.o(.text) for __I$use$semihosting
    sys_command.o(.text) refers (Special) to indicate_semi.o(.text) for __semihosting_library_function
    defsig_rtmem_outer.o(.text) refers to defsig_rtmem_inner.o(.text) for __rt_SIGRTMEM_inner
    defsig_rtmem_outer.o(.text) refers to defsig_exit.o(.text) for __sig_exit
    defsig_rtmem_formal.o(.text) refers to rt_raise.o(.text) for __rt_raise
    rt_raise.o(.text) refers to __raise.o(.text) for __raise
    rt_raise.o(.text) refers to sys_exit.o(.text) for _sys_exit
    defsig_exit.o(.text) refers to sys_exit.o(.text) for _sys_exit
    defsig_rtmem_inner.o(.text) refers to defsig_general.o(.text) for __default_signal_display
    __raise.o(.text) refers to defsig.o(CL$$defsig) for __default_signal_handler
    defsig_general.o(.text) refers to sys_wrch.o(.text) for _ttywrch
    sys_wrch.o(.text) refers (Special) to use_no_semi.o(.text) for __I$use$semihosting
    sys_wrch.o(.text) refers (Special) to indicate_semi.o(.text) for __semihosting_library_function
    defsig.o(CL$$defsig) refers to defsig_rtmem_inner.o(.text) for __rt_SIGRTMEM_inner
    defsig_abrt_inner.o(.text) refers to defsig_general.o(.text) for __default_signal_display
    defsig_fpe_inner.o(.text) refers to defsig_general.o(.text) for __default_signal_display
    defsig_rtred_inner.o(.text) refers to defsig_general.o(.text) for __default_signal_display
    defsig_stak_inner.o(.text) refers to defsig_general.o(.text) for __default_signal_display
    defsig_pvfn_inner.o(.text) refers to defsig_general.o(.text) for __default_signal_display
    defsig_cppl_inner.o(.text) refers to defsig_general.o(.text) for __default_signal_display
    defsig_segv_inner.o(.text) refers to defsig_general.o(.text) for __default_signal_display
    defsig_other.o(.text) refers to defsig_general.o(.text) for __default_signal_display


==============================================================================

Removing Unused input sections from the image.

    Removing bootloader.o(.rev16_text), (4 bytes).
    Removing bootloader.o(.revsh_text), (4 bytes).
    Removing bootloader.o(.rrx_text), (6 bytes).
    Removing ip_flash.o(.rev16_text), (4 bytes).
    Removing ip_flash.o(.revsh_text), (4 bytes).
    Removing ip_flash.o(.rrx_text), (6 bytes).
    Removing ip_uart.o(.rev16_text), (4 bytes).
    Removing ip_uart.o(.revsh_text), (4 bytes).
    Removing ip_uart.o(.rrx_text), (6 bytes).
    Removing main.o(.rev16_text), (4 bytes).
    Removing main.o(.revsh_text), (4 bytes).
    Removing main.o(.rrx_text), (6 bytes).
    Removing assert.o(.rev16_text), (4 bytes).
    Removing assert.o(.revsh_text), (4 bytes).
    Removing assert.o(.rrx_text), (6 bytes).
    Removing protocol.o(.rev16_text), (4 bytes).
    Removing protocol.o(.revsh_text), (4 bytes).
    Removing protocol.o(.rrx_text), (6 bytes).
    Removing stm32f10x_flash.o(.rev16_text), (4 bytes).
    Removing stm32f10x_flash.o(.revsh_text), (4 bytes).
    Removing stm32f10x_flash.o(.rrx_text), (6 bytes).
    Removing stm32f10x_flash.o(i.FLASH_EnableWriteProtection), (212 bytes).
    Removing stm32f10x_flash.o(i.FLASH_EraseAllBank1Pages), (72 bytes).
    Removing stm32f10x_flash.o(i.FLASH_EraseAllPages), (72 bytes).
    Removing stm32f10x_flash.o(i.FLASH_EraseOptionBytes), (168 bytes).
    Removing stm32f10x_flash.o(i.FLASH_GetFlagStatus), (100 bytes).
    Removing stm32f10x_flash.o(i.FLASH_GetPrefetchBufferStatus), (24 bytes).
    Removing stm32f10x_flash.o(i.FLASH_GetReadOutProtectionStatus), (24 bytes).
    Removing stm32f10x_flash.o(i.FLASH_GetStatus), (52 bytes).
    Removing stm32f10x_flash.o(i.FLASH_GetUserOptionByte), (12 bytes).
    Removing stm32f10x_flash.o(i.FLASH_GetWriteProtectionOptionByte), (12 bytes).
    Removing stm32f10x_flash.o(i.FLASH_HalfCycleAccessCmd), (48 bytes).
    Removing stm32f10x_flash.o(i.FLASH_ITConfig), (76 bytes).
    Removing stm32f10x_flash.o(i.FLASH_LockBank1), (20 bytes).
    Removing stm32f10x_flash.o(i.FLASH_PrefetchBufferCmd), (48 bytes).
    Removing stm32f10x_flash.o(i.FLASH_ProgramHalfWord), (96 bytes).
    Removing stm32f10x_flash.o(i.FLASH_ProgramOptionByteData), (116 bytes).
    Removing stm32f10x_flash.o(i.FLASH_ReadOutProtection), (192 bytes).
    Removing stm32f10x_flash.o(i.FLASH_SetLatency), (48 bytes).
    Removing stm32f10x_flash.o(i.FLASH_UnlockBank1), (24 bytes).
    Removing stm32f10x_flash.o(i.FLASH_UserOptionByteConfig), (164 bytes).
    Removing stm32f10x_flash.o(i.FLASH_WaitForLastBank1Operation), (38 bytes).
    Removing stm32f10x_gpio.o(.rev16_text), (4 bytes).
    Removing stm32f10x_gpio.o(.revsh_text), (4 bytes).
    Removing stm32f10x_gpio.o(.rrx_text), (6 bytes).
    Removing stm32f10x_gpio.o(i.GPIO_AFIODeInit), (20 bytes).
    Removing stm32f10x_gpio.o(i.GPIO_DeInit), (256 bytes).
    Removing stm32f10x_gpio.o(i.GPIO_ETH_MediaInterfaceConfig), (32 bytes).
    Removing stm32f10x_gpio.o(i.GPIO_EXTILineConfig), (180 bytes).
    Removing stm32f10x_gpio.o(i.GPIO_EventOutputCmd), (32 bytes).
    Removing stm32f10x_gpio.o(i.GPIO_EventOutputConfig), (140 bytes).
    Removing stm32f10x_gpio.o(i.GPIO_PinLockConfig), (124 bytes).
    Removing stm32f10x_gpio.o(i.GPIO_PinRemapConfig), (536 bytes).
    Removing stm32f10x_gpio.o(i.GPIO_ReadInputData), (92 bytes).
    Removing stm32f10x_gpio.o(i.GPIO_ReadInputDataBit), (200 bytes).
    Removing stm32f10x_gpio.o(i.GPIO_ReadOutputData), (92 bytes).
    Removing stm32f10x_gpio.o(i.GPIO_ReadOutputDataBit), (200 bytes).
    Removing stm32f10x_gpio.o(i.GPIO_ResetBits), (112 bytes).
    Removing stm32f10x_gpio.o(i.GPIO_SetBits), (112 bytes).
    Removing stm32f10x_gpio.o(i.GPIO_StructInit), (16 bytes).
    Removing stm32f10x_gpio.o(i.GPIO_Write), (92 bytes).
    Removing stm32f10x_gpio.o(i.GPIO_WriteBit), (212 bytes).
    Removing stm32f10x_rcc.o(.rev16_text), (4 bytes).
    Removing stm32f10x_rcc.o(.revsh_text), (4 bytes).
    Removing stm32f10x_rcc.o(.rrx_text), (6 bytes).
    Removing stm32f10x_rcc.o(i.RCC_ADCCLKConfig), (56 bytes).
    Removing stm32f10x_rcc.o(i.RCC_AHBPeriphClockCmd), (80 bytes).
    Removing stm32f10x_rcc.o(i.RCC_APB1PeriphClockCmd), (80 bytes).
    Removing stm32f10x_rcc.o(i.RCC_APB1PeriphResetCmd), (80 bytes).
    Removing stm32f10x_rcc.o(i.RCC_APB2PeriphResetCmd), (80 bytes).
    Removing stm32f10x_rcc.o(i.RCC_AdjustHSICalibrationValue), (44 bytes).
    Removing stm32f10x_rcc.o(i.RCC_BackupResetCmd), (32 bytes).
    Removing stm32f10x_rcc.o(i.RCC_ClearFlag), (20 bytes).
    Removing stm32f10x_rcc.o(i.RCC_ClearITPendingBit), (36 bytes).
    Removing stm32f10x_rcc.o(i.RCC_ClockSecuritySystemCmd), (32 bytes).
    Removing stm32f10x_rcc.o(i.RCC_DeInit), (76 bytes).
    Removing stm32f10x_rcc.o(i.RCC_GetFlagStatus), (124 bytes).
    Removing stm32f10x_rcc.o(i.RCC_GetITStatus), (64 bytes).
    Removing stm32f10x_rcc.o(i.RCC_GetSYSCLKSource), (16 bytes).
    Removing stm32f10x_rcc.o(i.RCC_HCLKConfig), (72 bytes).
    Removing stm32f10x_rcc.o(i.RCC_HSEConfig), (104 bytes).
    Removing stm32f10x_rcc.o(i.RCC_HSICmd), (32 bytes).
    Removing stm32f10x_rcc.o(i.RCC_ITConfig), (76 bytes).
    Removing stm32f10x_rcc.o(i.RCC_LSEConfig), (76 bytes).
    Removing stm32f10x_rcc.o(i.RCC_LSICmd), (32 bytes).
    Removing stm32f10x_rcc.o(i.RCC_MCOConfig), (44 bytes).
    Removing stm32f10x_rcc.o(i.RCC_PCLK1Config), (64 bytes).
    Removing stm32f10x_rcc.o(i.RCC_PCLK2Config), (64 bytes).
    Removing stm32f10x_rcc.o(i.RCC_PLLCmd), (32 bytes).
    Removing stm32f10x_rcc.o(i.RCC_PLLConfig), (156 bytes).
    Removing stm32f10x_rcc.o(i.RCC_RTCCLKCmd), (32 bytes).
    Removing stm32f10x_rcc.o(i.RCC_RTCCLKConfig), (52 bytes).
    Removing stm32f10x_rcc.o(i.RCC_SYSCLKConfig), (48 bytes).
    Removing stm32f10x_rcc.o(i.RCC_USBCLKConfig), (32 bytes).
    Removing stm32f10x_rcc.o(i.RCC_WaitForHSEStartUp), (56 bytes).
    Removing stm32f10x_usart.o(.rev16_text), (4 bytes).
    Removing stm32f10x_usart.o(.revsh_text), (4 bytes).
    Removing stm32f10x_usart.o(.rrx_text), (6 bytes).
    Removing stm32f10x_usart.o(i.USART_ClearFlag), (136 bytes).
    Removing stm32f10x_usart.o(i.USART_ClearITPendingBit), (172 bytes).
    Removing stm32f10x_usart.o(i.USART_ClockInit), (176 bytes).
    Removing stm32f10x_usart.o(i.USART_ClockStructInit), (12 bytes).
    Removing stm32f10x_usart.o(i.USART_DMACmd), (128 bytes).
    Removing stm32f10x_usart.o(i.USART_DeInit), (196 bytes).
    Removing stm32f10x_usart.o(i.USART_GetITStatus), (288 bytes).
    Removing stm32f10x_usart.o(i.USART_HalfDuplexCmd), (112 bytes).
    Removing stm32f10x_usart.o(i.USART_ITConfig), (268 bytes).
    Removing stm32f10x_usart.o(i.USART_IrDACmd), (112 bytes).
    Removing stm32f10x_usart.o(i.USART_IrDAConfig), (104 bytes).
    Removing stm32f10x_usart.o(i.USART_LINBreakDetectLengthConfig), (104 bytes).
    Removing stm32f10x_usart.o(i.USART_LINCmd), (112 bytes).
    Removing stm32f10x_usart.o(i.USART_OneBitMethodCmd), (112 bytes).
    Removing stm32f10x_usart.o(i.USART_OverSampling8Cmd), (108 bytes).
    Removing stm32f10x_usart.o(i.USART_ReceiverWakeUpCmd), (112 bytes).
    Removing stm32f10x_usart.o(i.USART_SendBreak), (76 bytes).
    Removing stm32f10x_usart.o(i.USART_SetAddress), (104 bytes).
    Removing stm32f10x_usart.o(i.USART_SetGuardTime), (64 bytes).
    Removing stm32f10x_usart.o(i.USART_SetPrescaler), (84 bytes).
    Removing stm32f10x_usart.o(i.USART_SmartCardCmd), (92 bytes).
    Removing stm32f10x_usart.o(i.USART_SmartCardNACKCmd), (92 bytes).
    Removing stm32f10x_usart.o(i.USART_StructInit), (24 bytes).
    Removing stm32f10x_usart.o(i.USART_WakeUpConfig), (108 bytes).
    Removing gpio_stm32f10x.o(.rev16_text), (4 bytes).
    Removing gpio_stm32f10x.o(.revsh_text), (4 bytes).
    Removing gpio_stm32f10x.o(.rrx_text), (6 bytes).
    Removing gpio_stm32f10x.o(i.GPIO_AFConfigure), (156 bytes).
    Removing gpio_stm32f10x.o(i.GPIO_GetPortClockState), (152 bytes).
    Removing gpio_stm32f10x.o(i.GPIO_PinConfigure), (120 bytes).
    Removing gpio_stm32f10x.o(i.GPIO_PortClock), (316 bytes).
    Removing system_stm32f10x.o(.rev16_text), (4 bytes).
    Removing system_stm32f10x.o(.revsh_text), (4 bytes).
    Removing system_stm32f10x.o(.rrx_text), (6 bytes).
    Removing system_stm32f10x.o(i.SystemCoreClockUpdate), (164 bytes).
    Removing system_stm32f10x.o(.data), (20 bytes).

134 unused section(s) (total 9850 bytes) removed from the image.

==============================================================================

Image Symbol Table

    Local Symbols

    Symbol Name                              Value     Ov Type        Size  Object(Section)

    ../clib/angel/boardlib.s                 0x00000000   Number         0  boardinit3.o ABSOLUTE
    ../clib/angel/boardlib.s                 0x00000000   Number         0  boardshut.o ABSOLUTE
    ../clib/angel/boardlib.s                 0x00000000   Number         0  boardinit1.o ABSOLUTE
    ../clib/angel/boardlib.s                 0x00000000   Number         0  boardinit2.o ABSOLUTE
    ../clib/angel/handlers.s                 0x00000000   Number         0  __scatter_zi.o ABSOLUTE
    ../clib/angel/handlers.s                 0x00000000   Number         0  __scatter_copy.o ABSOLUTE
    ../clib/angel/kernel.s                   0x00000000   Number         0  __rtentry4.o ABSOLUTE
    ../clib/angel/kernel.s                   0x00000000   Number         0  __rtentry.o ABSOLUTE
    ../clib/angel/kernel.s                   0x00000000   Number         0  rtexit2.o ABSOLUTE
    ../clib/angel/kernel.s                   0x00000000   Number         0  __rtentry2.o ABSOLUTE
    ../clib/angel/kernel.s                   0x00000000   Number         0  rtexit.o ABSOLUTE
    ../clib/angel/rt.s                       0x00000000   Number         0  rt_raise.o ABSOLUTE
    ../clib/angel/scatter.s                  0x00000000   Number         0  __scatter.o ABSOLUTE
    ../clib/angel/startup.s                  0x00000000   Number         0  __main.o ABSOLUTE
    ../clib/angel/sys.s                      0x00000000   Number         0  sys_stackheap_outer.o ABSOLUTE
    ../clib/angel/sys.s                      0x00000000   Number         0  libspace.o ABSOLUTE
    ../clib/angel/sys.s                      0x00000000   Number         0  indicate_semi.o ABSOLUTE
    ../clib/angel/sys.s                      0x00000000   Number         0  use_no_semi.o ABSOLUTE
    ../clib/angel/sysapp.c                   0x00000000   Number         0  sys_wrch.o ABSOLUTE
    ../clib/angel/sysapp.c                   0x00000000   Number         0  sys_exit.o ABSOLUTE
    ../clib/angel/sysapp.c                   0x00000000   Number         0  sys_command.o ABSOLUTE
    ../clib/armsys.c                         0x00000000   Number         0  argv_veneer.o ABSOLUTE
    ../clib/armsys.c                         0x00000000   Number         0  argv_veneer.o ABSOLUTE
    ../clib/armsys.c                         0x00000000   Number         0  no_argv.o ABSOLUTE
    ../clib/armsys.c                         0x00000000   Number         0  _get_argv_nomalloc.o ABSOLUTE
    ../clib/heapalloc.c                      0x00000000   Number         0  hrguard.o ABSOLUTE
    ../clib/heapaux.c                        0x00000000   Number         0  heapauxi.o ABSOLUTE
    ../clib/libinit.s                        0x00000000   Number         0  libshutdown2.o ABSOLUTE
    ../clib/libinit.s                        0x00000000   Number         0  libinit2.o ABSOLUTE
    ../clib/libinit.s                        0x00000000   Number         0  libinit.o ABSOLUTE
    ../clib/libinit.s                        0x00000000   Number         0  libshutdown.o ABSOLUTE
    ../clib/signal.c                         0x00000000   Number         0  defsig_rtmem_formal.o ABSOLUTE
    ../clib/signal.c                         0x00000000   Number         0  defsig_exit.o ABSOLUTE
    ../clib/signal.c                         0x00000000   Number         0  defsig_other.o ABSOLUTE
    ../clib/signal.c                         0x00000000   Number         0  defsig_segv_inner.o ABSOLUTE
    ../clib/signal.c                         0x00000000   Number         0  defsig_rtmem_inner.o ABSOLUTE
    ../clib/signal.c                         0x00000000   Number         0  __raise.o ABSOLUTE
    ../clib/signal.c                         0x00000000   Number         0  defsig_general.o ABSOLUTE
    ../clib/signal.c                         0x00000000   Number         0  defsig_pvfn_inner.o ABSOLUTE
    ../clib/signal.c                         0x00000000   Number         0  defsig_stak_inner.o ABSOLUTE
    ../clib/signal.c                         0x00000000   Number         0  defsig_abrt_inner.o ABSOLUTE
    ../clib/signal.c                         0x00000000   Number         0  defsig_fpe_inner.o ABSOLUTE
    ../clib/signal.c                         0x00000000   Number         0  defsig_rtred_inner.o ABSOLUTE
    ../clib/signal.c                         0x00000000   Number         0  defsig_rtmem_outer.o ABSOLUTE
    ../clib/signal.c                         0x00000000   Number         0  defsig_cppl_inner.o ABSOLUTE
    ../clib/signal.s                         0x00000000   Number         0  defsig.o ABSOLUTE
    ../clib/stdlib.c                         0x00000000   Number         0  exit.o ABSOLUTE
    ../fplib/fpinit.s                        0x00000000   Number         0  fpinit.o ABSOLUTE
    Application_Layer\\src\\bootloader.c     0x00000000   Number         0  bootloader.o ABSOLUTE
    Application_Layer\src\bootloader.c       0x00000000   Number         0  bootloader.o ABSOLUTE
    C:\Users\Nguyen Kim Hoang\AppData\Local\Arm\Packs\Keil\STM32F1xx_DFP\2.4.1\Device\StdPeriph_Driver\src\stm32f10x_flash.c 0x00000000   Number         0  stm32f10x_flash.o ABSOLUTE
    C:\Users\Nguyen Kim Hoang\AppData\Local\Arm\Packs\Keil\STM32F1xx_DFP\2.4.1\Device\StdPeriph_Driver\src\stm32f10x_gpio.c 0x00000000   Number         0  stm32f10x_gpio.o ABSOLUTE
    C:\Users\Nguyen Kim Hoang\AppData\Local\Arm\Packs\Keil\STM32F1xx_DFP\2.4.1\Device\StdPeriph_Driver\src\stm32f10x_rcc.c 0x00000000   Number         0  stm32f10x_rcc.o ABSOLUTE
    C:\Users\Nguyen Kim Hoang\AppData\Local\Arm\Packs\Keil\STM32F1xx_DFP\2.4.1\Device\StdPeriph_Driver\src\stm32f10x_usart.c 0x00000000   Number         0  stm32f10x_usart.o ABSOLUTE
    C:\Users\Nguyen Kim Hoang\AppData\Local\Arm\Packs\Keil\STM32F1xx_DFP\2.4.1\RTE_Driver\GPIO_STM32F10x.c 0x00000000   Number         0  gpio_stm32f10x.o ABSOLUTE
    C:\\Users\\Nguyen Kim Hoang\\AppData\\Local\\Arm\\Packs\\Keil\\STM32F1xx_DFP\\2.4.1\\Device\\StdPeriph_Driver\\src\\stm32f10x_flash.c 0x00000000   Number         0  stm32f10x_flash.o ABSOLUTE
    C:\\Users\\Nguyen Kim Hoang\\AppData\\Local\\Arm\\Packs\\Keil\\STM32F1xx_DFP\\2.4.1\\Device\\StdPeriph_Driver\\src\\stm32f10x_gpio.c 0x00000000   Number         0  stm32f10x_gpio.o ABSOLUTE
    C:\\Users\\Nguyen Kim Hoang\\AppData\\Local\\Arm\\Packs\\Keil\\STM32F1xx_DFP\\2.4.1\\Device\\StdPeriph_Driver\\src\\stm32f10x_rcc.c 0x00000000   Number         0  stm32f10x_rcc.o ABSOLUTE
    C:\\Users\\Nguyen Kim Hoang\\AppData\\Local\\Arm\\Packs\\Keil\\STM32F1xx_DFP\\2.4.1\\Device\\StdPeriph_Driver\\src\\stm32f10x_usart.c 0x00000000   Number         0  stm32f10x_usart.o ABSOLUTE
    C:\\Users\\Nguyen Kim Hoang\\AppData\\Local\\Arm\\Packs\\Keil\\STM32F1xx_DFP\\2.4.1\\RTE_Driver\\GPIO_STM32F10x.c 0x00000000   Number         0  gpio_stm32f10x.o ABSOLUTE
    IP_Layer\\src\\ip_flash.c                0x00000000   Number         0  ip_flash.o ABSOLUTE
    IP_Layer\\src\\ip_uart.c                 0x00000000   Number         0  ip_uart.o ABSOLUTE
    IP_Layer\src\ip_flash.c                  0x00000000   Number         0  ip_flash.o ABSOLUTE
    IP_Layer\src\ip_uart.c                   0x00000000   Number         0  ip_uart.o ABSOLUTE
    Middleware_Layer\\src\\protocol.c        0x00000000   Number         0  protocol.o ABSOLUTE
    Middleware_Layer\src\crc.c               0x00000000   Number         0  crc.o ABSOLUTE
    Middleware_Layer\src\protocol.c          0x00000000   Number         0  protocol.o ABSOLUTE
    RTE\Device\STM32F103C8\startup_stm32f10x_md.s 0x00000000   Number         0  startup_stm32f10x_md.o ABSOLUTE
    RTE\Device\STM32F103C8\system_stm32f10x.c 0x00000000   Number         0  system_stm32f10x.o ABSOLUTE
    RTE\\Device\\STM32F103C8\\system_stm32f10x.c 0x00000000   Number         0  system_stm32f10x.o ABSOLUTE
    dc.s                                     0x00000000   Number         0  dc.o ABSOLUTE
    main\\assert.c                           0x00000000   Number         0  assert.o ABSOLUTE
    main\\main.c                             0x00000000   Number         0  main.o ABSOLUTE
    main\assert.c                            0x00000000   Number         0  assert.o ABSOLUTE
    main\main.c                              0x00000000   Number         0  main.o ABSOLUTE
    RESET                                    0x08000000   Section      236  startup_stm32f10x_md.o(RESET)
    !!!main                                  0x080000ec   Section        8  __main.o(!!!main)
    !!!scatter                               0x080000f4   Section       52  __scatter.o(!!!scatter)
    !!handler_copy                           0x08000128   Section       26  __scatter_copy.o(!!handler_copy)
    !!handler_zi                             0x08000144   Section       28  __scatter_zi.o(!!handler_zi)
    .ARM.Collect$$libinit$$00000000          0x08000160   Section        2  libinit.o(.ARM.Collect$$libinit$$00000000)
    .ARM.Collect$$libinit$$00000002          0x08000162   Section        0  libinit2.o(.ARM.Collect$$libinit$$00000002)
    .ARM.Collect$$libinit$$00000004          0x08000162   Section        0  libinit2.o(.ARM.Collect$$libinit$$00000004)
    .ARM.Collect$$libinit$$0000000A          0x08000162   Section        0  libinit2.o(.ARM.Collect$$libinit$$0000000A)
    .ARM.Collect$$libinit$$0000000C          0x08000162   Section        0  libinit2.o(.ARM.Collect$$libinit$$0000000C)
    .ARM.Collect$$libinit$$0000000E          0x08000162   Section        0  libinit2.o(.ARM.Collect$$libinit$$0000000E)
    .ARM.Collect$$libinit$$00000011          0x08000162   Section        0  libinit2.o(.ARM.Collect$$libinit$$00000011)
    .ARM.Collect$$libinit$$00000013          0x08000162   Section        0  libinit2.o(.ARM.Collect$$libinit$$00000013)
    .ARM.Collect$$libinit$$00000015          0x08000162   Section        0  libinit2.o(.ARM.Collect$$libinit$$00000015)
    .ARM.Collect$$libinit$$00000017          0x08000162   Section        0  libinit2.o(.ARM.Collect$$libinit$$00000017)
    .ARM.Collect$$libinit$$00000019          0x08000162   Section        0  libinit2.o(.ARM.Collect$$libinit$$00000019)
    .ARM.Collect$$libinit$$0000001B          0x08000162   Section        0  libinit2.o(.ARM.Collect$$libinit$$0000001B)
    .ARM.Collect$$libinit$$0000001D          0x08000162   Section        0  libinit2.o(.ARM.Collect$$libinit$$0000001D)
    .ARM.Collect$$libinit$$0000001F          0x08000162   Section        0  libinit2.o(.ARM.Collect$$libinit$$0000001F)
    .ARM.Collect$$libinit$$00000021          0x08000162   Section        0  libinit2.o(.ARM.Collect$$libinit$$00000021)
    .ARM.Collect$$libinit$$00000023          0x08000162   Section        0  libinit2.o(.ARM.Collect$$libinit$$00000023)
    .ARM.Collect$$libinit$$00000025          0x08000162   Section        0  libinit2.o(.ARM.Collect$$libinit$$00000025)
    .ARM.Collect$$libinit$$0000002C          0x08000162   Section        0  libinit2.o(.ARM.Collect$$libinit$$0000002C)
    .ARM.Collect$$libinit$$0000002E          0x08000162   Section        0  libinit2.o(.ARM.Collect$$libinit$$0000002E)
    .ARM.Collect$$libinit$$00000030          0x08000162   Section        0  libinit2.o(.ARM.Collect$$libinit$$00000030)
    .ARM.Collect$$libinit$$00000032          0x08000162   Section        0  libinit2.o(.ARM.Collect$$libinit$$00000032)
    .ARM.Collect$$libinit$$00000033          0x08000162   Section        2  libinit2.o(.ARM.Collect$$libinit$$00000033)
    .ARM.Collect$$libshutdown$$00000000      0x08000164   Section        2  libshutdown.o(.ARM.Collect$$libshutdown$$00000000)
    .ARM.Collect$$libshutdown$$00000002      0x08000166   Section        0  libshutdown2.o(.ARM.Collect$$libshutdown$$00000002)
    .ARM.Collect$$libshutdown$$00000004      0x08000166   Section        0  libshutdown2.o(.ARM.Collect$$libshutdown$$00000004)
    .ARM.Collect$$libshutdown$$00000007      0x08000166   Section        0  libshutdown2.o(.ARM.Collect$$libshutdown$$00000007)
    .ARM.Collect$$libshutdown$$0000000A      0x08000166   Section        0  libshutdown2.o(.ARM.Collect$$libshutdown$$0000000A)
    .ARM.Collect$$libshutdown$$0000000C      0x08000166   Section        0  libshutdown2.o(.ARM.Collect$$libshutdown$$0000000C)
    .ARM.Collect$$libshutdown$$0000000F      0x08000166   Section        0  libshutdown2.o(.ARM.Collect$$libshutdown$$0000000F)
    .ARM.Collect$$libshutdown$$00000010      0x08000166   Section        2  libshutdown2.o(.ARM.Collect$$libshutdown$$00000010)
    .ARM.Collect$$rtentry$$00000000          0x08000168   Section        0  __rtentry.o(.ARM.Collect$$rtentry$$00000000)
    .ARM.Collect$$rtentry$$00000002          0x08000168   Section        0  __rtentry2.o(.ARM.Collect$$rtentry$$00000002)
    .ARM.Collect$$rtentry$$00000004          0x08000168   Section        6  __rtentry4.o(.ARM.Collect$$rtentry$$00000004)
    .ARM.Collect$$rtentry$$00000009          0x0800016e   Section        0  __rtentry2.o(.ARM.Collect$$rtentry$$00000009)
    .ARM.Collect$$rtentry$$0000000A          0x0800016e   Section        4  __rtentry2.o(.ARM.Collect$$rtentry$$0000000A)
    .ARM.Collect$$rtentry$$0000000C          0x08000172   Section        0  __rtentry2.o(.ARM.Collect$$rtentry$$0000000C)
    .ARM.Collect$$rtentry$$0000000D          0x08000172   Section        8  __rtentry2.o(.ARM.Collect$$rtentry$$0000000D)
    .ARM.Collect$$rtexit$$00000000           0x0800017a   Section        2  rtexit.o(.ARM.Collect$$rtexit$$00000000)
    .ARM.Collect$$rtexit$$00000002           0x0800017c   Section        0  rtexit2.o(.ARM.Collect$$rtexit$$00000002)
    .ARM.Collect$$rtexit$$00000003           0x0800017c   Section        4  rtexit2.o(.ARM.Collect$$rtexit$$00000003)
    .ARM.Collect$$rtexit$$00000004           0x08000180   Section        6  rtexit2.o(.ARM.Collect$$rtexit$$00000004)
    .text                                    0x08000188   Section       64  startup_stm32f10x_md.o(.text)
    .text                                    0x080001c8   Section        0  heapauxi.o(.text)
    .text                                    0x080001ce   Section       74  sys_stackheap_outer.o(.text)
    .text                                    0x08000218   Section        0  exit.o(.text)
    .text                                    0x0800022c   Section        8  libspace.o(.text)
    .text                                    0x08000234   Section        0  sys_exit.o(.text)
    .text                                    0x08000240   Section        2  use_no_semi.o(.text)
    .text                                    0x08000242   Section        0  indicate_semi.o(.text)
    i.BL_CheckAppValid                       0x08000244   Section        0  bootloader.o(i.BL_CheckAppValid)
    i.BL_CopyTempToApp                       0x08000278   Section        0  bootloader.o(i.BL_CopyTempToApp)
    BL_CopyTempToApp                         0x08000279   Thumb Code    64  bootloader.o(i.BL_CopyTempToApp)
    i.BL_EraseAppArea                        0x080002c4   Section        0  bootloader.o(i.BL_EraseAppArea)
    BL_EraseAppArea                          0x080002c5   Thumb Code    32  bootloader.o(i.BL_EraseAppArea)
    i.BL_EraseTempArea                       0x080002ec   Section        0  bootloader.o(i.BL_EraseTempArea)
    BL_EraseTempArea                         0x080002ed   Thumb Code    32  bootloader.o(i.BL_EraseTempArea)
    i.BL_JumpToApp                           0x08000314   Section        0  bootloader.o(i.BL_JumpToApp)
    i.BL_ProcessPacket                       0x08000348   Section        0  bootloader.o(i.BL_ProcessPacket)
    i.BL_SendAck                             0x08000430   Section        0  bootloader.o(i.BL_SendAck)
    BL_SendAck                               0x08000431   Thumb Code    10  bootloader.o(i.BL_SendAck)
    i.BL_SendNack                            0x0800043a   Section        0  bootloader.o(i.BL_SendNack)
    BL_SendNack                              0x0800043b   Thumb Code    10  bootloader.o(i.BL_SendNack)
    i.BL_WriteDataToTemp                     0x08000444   Section        0  bootloader.o(i.BL_WriteDataToTemp)
    BL_WriteDataToTemp                       0x08000445   Thumb Code   128  bootloader.o(i.BL_WriteDataToTemp)
    i.Bootloader_Run                         0x080004cc   Section        0  bootloader.o(i.Bootloader_Run)
    i.CRC_CalcChecksum                       0x08000528   Section        0  crc.o(i.CRC_CalcChecksum)
    i.FLASH_ClearFlag                        0x08000550   Section        0  stm32f10x_flash.o(i.FLASH_ClearFlag)
    i.FLASH_ErasePage                        0x08000574   Section        0  stm32f10x_flash.o(i.FLASH_ErasePage)
    i.FLASH_GetBank1Status                   0x080005dc   Section        0  stm32f10x_flash.o(i.FLASH_GetBank1Status)
    i.FLASH_Lock                             0x08000610   Section        0  stm32f10x_flash.o(i.FLASH_Lock)
    i.FLASH_ProgramWord                      0x08000624   Section        0  stm32f10x_flash.o(i.FLASH_ProgramWord)
    i.FLASH_Unlock                           0x080006ac   Section        0  stm32f10x_flash.o(i.FLASH_Unlock)
    i.FLASH_WaitForLastOperation             0x080006c4   Section        0  stm32f10x_flash.o(i.FLASH_WaitForLastOperation)
    i.GPIO_Init                              0x080006ec   Section        0  stm32f10x_gpio.o(i.GPIO_Init)
    i.IP_FLASH_ErasePage                     0x0800088c   Section        0  ip_flash.o(i.IP_FLASH_ErasePage)
    i.IP_FLASH_Lock                          0x080008aa   Section        0  ip_flash.o(i.IP_FLASH_Lock)
    i.IP_FLASH_ProgramWord                   0x080008b2   Section        0  ip_flash.o(i.IP_FLASH_ProgramWord)
    i.IP_FLASH_Unlock                        0x080008d4   Section        0  ip_flash.o(i.IP_FLASH_Unlock)
    i.IP_UART_Available                      0x080008dc   Section        0  ip_uart.o(i.IP_UART_Available)
    i.IP_UART_Init                           0x080008f4   Section        0  ip_uart.o(i.IP_UART_Init)
    i.IP_UART_ReceiveByte                    0x08000970   Section        0  ip_uart.o(i.IP_UART_ReceiveByte)
    i.IP_UART_SendByte                       0x08000990   Section        0  ip_uart.o(i.IP_UART_SendByte)
    i.Protocol_ReceivePacket                 0x080009b0   Section        0  protocol.o(i.Protocol_ReceivePacket)
    i.RCC_APB2PeriphClockCmd                 0x08000a24   Section        0  stm32f10x_rcc.o(i.RCC_APB2PeriphClockCmd)
    i.RCC_GetClocksFreq                      0x08000a74   Section        0  stm32f10x_rcc.o(i.RCC_GetClocksFreq)
    i.SetSysClock                            0x08000b48   Section        0  system_stm32f10x.o(i.SetSysClock)
    SetSysClock                              0x08000b49   Thumb Code     8  system_stm32f10x.o(i.SetSysClock)
    i.SetSysClockTo72                        0x08000b50   Section        0  system_stm32f10x.o(i.SetSysClockTo72)
    SetSysClockTo72                          0x08000b51   Thumb Code   214  system_stm32f10x.o(i.SetSysClockTo72)
    i.SystemInit                             0x08000c30   Section        0  system_stm32f10x.o(i.SystemInit)
    i.USART_Cmd                              0x08000c90   Section        0  stm32f10x_usart.o(i.USART_Cmd)
    i.USART_GetFlagStatus                    0x08000d00   Section        0  stm32f10x_usart.o(i.USART_GetFlagStatus)
    i.USART_Init                             0x08000db4   Section        0  stm32f10x_usart.o(i.USART_Init)
    i.USART_ReceiveData                      0x08000fa0   Section        0  stm32f10x_usart.o(i.USART_ReceiveData)
    i.USART_SendData                         0x08000fec   Section        0  stm32f10x_usart.o(i.USART_SendData)
    i.assert_param                           0x0800104c   Section        0  assert.o(i.assert_param)
    i.main                                   0x0800104e   Section        0  main.o(i.main)
    .data                                    0x20000000   Section       12  bootloader.o(.data)
    g_blState                                0x20000000   Data           1  bootloader.o(.data)
    g_writeAddress                           0x20000004   Data           4  bootloader.o(.data)
    g_fwSize                                 0x20000008   Data           4  bootloader.o(.data)
    .data                                    0x2000000c   Section       20  stm32f10x_rcc.o(.data)
    APBAHBPrescTable                         0x2000000c   Data          16  stm32f10x_rcc.o(.data)
    ADCPrescTable                            0x2000001c   Data           4  stm32f10x_rcc.o(.data)
    .bss                                     0x20000020   Section       36  bootloader.o(.bss)
    g_packet                                 0x20000020   Data          36  bootloader.o(.bss)
    .bss                                     0x20000044   Section       96  libspace.o(.bss)
    HEAP                                     0x200000a8   Section      512  startup_stm32f10x_md.o(HEAP)
    Heap_Mem                                 0x200000a8   Data         512  startup_stm32f10x_md.o(HEAP)
    STACK                                    0x200002a8   Section     1024  startup_stm32f10x_md.o(STACK)
    Stack_Mem                                0x200002a8   Data        1024  startup_stm32f10x_md.o(STACK)
    __initial_sp                             0x200006a8   Data           0  startup_stm32f10x_md.o(STACK)

    Global Symbols

    Symbol Name                              Value     Ov Type        Size  Object(Section)

    BuildAttributes$$THM_ISAv4$P$D$K$B$S$PE$A:L22UL41UL21$X:L11$S22US41US21$IEEE1$IW$USESV6$~STKCKD$USESV7$~SHL$OSPACE$ROPI$EBA8$UX$STANDARDLIB$REQ8$PRES8$EABIv2 0x00000000   Number         0  anon$$obj.o ABSOLUTE
    __ARM_use_no_argv                        0x00000000   Number         0  main.o ABSOLUTE
    __ARM_exceptions_init                     - Undefined Weak Reference
    __alloca_initialize                       - Undefined Weak Reference
    __arm_preinit_                            - Undefined Weak Reference
    __cpp_initialize__aeabi_                  - Undefined Weak Reference
    __cxa_finalize                            - Undefined Weak Reference
    __rt_locale                               - Undefined Weak Reference
    __sigvec_lookup                           - Undefined Weak Reference
    _atexit_init                              - Undefined Weak Reference
    _call_atexit_fns                          - Undefined Weak Reference
    _clock_init                               - Undefined Weak Reference
    _fp_trap_init                             - Undefined Weak Reference
    _fp_trap_shutdown                         - Undefined Weak Reference
    _get_lc_collate                           - Undefined Weak Reference
    _get_lc_ctype                             - Undefined Weak Reference
    _get_lc_monetary                          - Undefined Weak Reference
    _get_lc_numeric                           - Undefined Weak Reference
    _get_lc_time                              - Undefined Weak Reference
    _getenv_init                              - Undefined Weak Reference
    _handle_redirection                       - Undefined Weak Reference
    _init_alloc                               - Undefined Weak Reference
    _init_user_alloc                          - Undefined Weak Reference
    _initio                                   - Undefined Weak Reference
    _rand_init                                - Undefined Weak Reference
    _signal_finish                            - Undefined Weak Reference
    _signal_init                              - Undefined Weak Reference
    _terminate_alloc                          - Undefined Weak Reference
    _terminate_user_alloc                     - Undefined Weak Reference
    _terminateio                              - Undefined Weak Reference
    __Vectors_Size                           0x000000ec   Number         0  startup_stm32f10x_md.o ABSOLUTE
    __Vectors                                0x08000000   Data           4  startup_stm32f10x_md.o(RESET)
    __Vectors_End                            0x080000ec   Data           0  startup_stm32f10x_md.o(RESET)
    __main                                   0x080000ed   Thumb Code     8  __main.o(!!!main)
    __scatterload                            0x080000f5   Thumb Code     0  __scatter.o(!!!scatter)
    __scatterload_rt2                        0x080000f5   Thumb Code    44  __scatter.o(!!!scatter)
    __scatterload_rt2_thumb_only             0x080000f5   Thumb Code     0  __scatter.o(!!!scatter)
    __scatterload_null                       0x08000103   Thumb Code     0  __scatter.o(!!!scatter)
    __scatterload_copy                       0x08000129   Thumb Code    26  __scatter_copy.o(!!handler_copy)
    __scatterload_zeroinit                   0x08000145   Thumb Code    28  __scatter_zi.o(!!handler_zi)
    __rt_lib_init                            0x08000161   Thumb Code     0  libinit.o(.ARM.Collect$$libinit$$00000000)
    __rt_lib_init_alloca_1                   0x08000163   Thumb Code     0  libinit2.o(.ARM.Collect$$libinit$$0000002E)
    __rt_lib_init_argv_1                     0x08000163   Thumb Code     0  libinit2.o(.ARM.Collect$$libinit$$0000002C)
    __rt_lib_init_atexit_1                   0x08000163   Thumb Code     0  libinit2.o(.ARM.Collect$$libinit$$0000001B)
    __rt_lib_init_clock_1                    0x08000163   Thumb Code     0  libinit2.o(.ARM.Collect$$libinit$$00000021)
    __rt_lib_init_cpp_1                      0x08000163   Thumb Code     0  libinit2.o(.ARM.Collect$$libinit$$00000032)
    __rt_lib_init_exceptions_1               0x08000163   Thumb Code     0  libinit2.o(.ARM.Collect$$libinit$$00000030)
    __rt_lib_init_fp_1                       0x08000163   Thumb Code     0  libinit2.o(.ARM.Collect$$libinit$$00000002)
    __rt_lib_init_fp_trap_1                  0x08000163   Thumb Code     0  libinit2.o(.ARM.Collect$$libinit$$0000001F)
    __rt_lib_init_getenv_1                   0x08000163   Thumb Code     0  libinit2.o(.ARM.Collect$$libinit$$00000023)
    __rt_lib_init_heap_1                     0x08000163   Thumb Code     0  libinit2.o(.ARM.Collect$$libinit$$0000000A)
    __rt_lib_init_lc_collate_1               0x08000163   Thumb Code     0  libinit2.o(.ARM.Collect$$libinit$$00000011)
    __rt_lib_init_lc_ctype_1                 0x08000163   Thumb Code     0  libinit2.o(.ARM.Collect$$libinit$$00000013)
    __rt_lib_init_lc_monetary_1              0x08000163   Thumb Code     0  libinit2.o(.ARM.Collect$$libinit$$00000015)
    __rt_lib_init_lc_numeric_1               0x08000163   Thumb Code     0  libinit2.o(.ARM.Collect$$libinit$$00000017)
    __rt_lib_init_lc_time_1                  0x08000163   Thumb Code     0  libinit2.o(.ARM.Collect$$libinit$$00000019)
    __rt_lib_init_preinit_1                  0x08000163   Thumb Code     0  libinit2.o(.ARM.Collect$$libinit$$00000004)
    __rt_lib_init_rand_1                     0x08000163   Thumb Code     0  libinit2.o(.ARM.Collect$$libinit$$0000000E)
    __rt_lib_init_return                     0x08000163   Thumb Code     0  libinit2.o(.ARM.Collect$$libinit$$00000033)
    __rt_lib_init_signal_1                   0x08000163   Thumb Code     0  libinit2.o(.ARM.Collect$$libinit$$0000001D)
    __rt_lib_init_stdio_1                    0x08000163   Thumb Code     0  libinit2.o(.ARM.Collect$$libinit$$00000025)
    __rt_lib_init_user_alloc_1               0x08000163   Thumb Code     0  libinit2.o(.ARM.Collect$$libinit$$0000000C)
    __rt_lib_shutdown                        0x08000165   Thumb Code     0  libshutdown.o(.ARM.Collect$$libshutdown$$00000000)
    __rt_lib_shutdown_cpp_1                  0x08000167   Thumb Code     0  libshutdown2.o(.ARM.Collect$$libshutdown$$00000002)
    __rt_lib_shutdown_fp_trap_1              0x08000167   Thumb Code     0  libshutdown2.o(.ARM.Collect$$libshutdown$$00000007)
    __rt_lib_shutdown_heap_1                 0x08000167   Thumb Code     0  libshutdown2.o(.ARM.Collect$$libshutdown$$0000000F)
    __rt_lib_shutdown_return                 0x08000167   Thumb Code     0  libshutdown2.o(.ARM.Collect$$libshutdown$$00000010)
    __rt_lib_shutdown_signal_1               0x08000167   Thumb Code     0  libshutdown2.o(.ARM.Collect$$libshutdown$$0000000A)
    __rt_lib_shutdown_stdio_1                0x08000167   Thumb Code     0  libshutdown2.o(.ARM.Collect$$libshutdown$$00000004)
    __rt_lib_shutdown_user_alloc_1           0x08000167   Thumb Code     0  libshutdown2.o(.ARM.Collect$$libshutdown$$0000000C)
    __rt_entry                               0x08000169   Thumb Code     0  __rtentry.o(.ARM.Collect$$rtentry$$00000000)
    __rt_entry_presh_1                       0x08000169   Thumb Code     0  __rtentry2.o(.ARM.Collect$$rtentry$$00000002)
    __rt_entry_sh                            0x08000169   Thumb Code     0  __rtentry4.o(.ARM.Collect$$rtentry$$00000004)
    __rt_entry_li                            0x0800016f   Thumb Code     0  __rtentry2.o(.ARM.Collect$$rtentry$$0000000A)
    __rt_entry_postsh_1                      0x0800016f   Thumb Code     0  __rtentry2.o(.ARM.Collect$$rtentry$$00000009)
    __rt_entry_main                          0x08000173   Thumb Code     0  __rtentry2.o(.ARM.Collect$$rtentry$$0000000D)
    __rt_entry_postli_1                      0x08000173   Thumb Code     0  __rtentry2.o(.ARM.Collect$$rtentry$$0000000C)
    __rt_exit                                0x0800017b   Thumb Code     0  rtexit.o(.ARM.Collect$$rtexit$$00000000)
    __rt_exit_ls                             0x0800017d   Thumb Code     0  rtexit2.o(.ARM.Collect$$rtexit$$00000003)
    __rt_exit_prels_1                        0x0800017d   Thumb Code     0  rtexit2.o(.ARM.Collect$$rtexit$$00000002)
    __rt_exit_exit                           0x08000181   Thumb Code     0  rtexit2.o(.ARM.Collect$$rtexit$$00000004)
    Reset_Handler                            0x08000189   Thumb Code     8  startup_stm32f10x_md.o(.text)
    NMI_Handler                              0x08000191   Thumb Code     2  startup_stm32f10x_md.o(.text)
    HardFault_Handler                        0x08000193   Thumb Code     2  startup_stm32f10x_md.o(.text)
    MemManage_Handler                        0x08000195   Thumb Code     2  startup_stm32f10x_md.o(.text)
    BusFault_Handler                         0x08000197   Thumb Code     2  startup_stm32f10x_md.o(.text)
    UsageFault_Handler                       0x08000199   Thumb Code     2  startup_stm32f10x_md.o(.text)
    SVC_Handler                              0x0800019b   Thumb Code     2  startup_stm32f10x_md.o(.text)
    DebugMon_Handler                         0x0800019d   Thumb Code     2  startup_stm32f10x_md.o(.text)
    PendSV_Handler                           0x0800019f   Thumb Code     2  startup_stm32f10x_md.o(.text)
    SysTick_Handler                          0x080001a1   Thumb Code     2  startup_stm32f10x_md.o(.text)
    ADC1_2_IRQHandler                        0x080001a3   Thumb Code     0  startup_stm32f10x_md.o(.text)
    CAN1_RX1_IRQHandler                      0x080001a3   Thumb Code     0  startup_stm32f10x_md.o(.text)
    CAN1_SCE_IRQHandler                      0x080001a3   Thumb Code     0  startup_stm32f10x_md.o(.text)
    DMA1_Channel1_IRQHandler                 0x080001a3   Thumb Code     0  startup_stm32f10x_md.o(.text)
    DMA1_Channel2_IRQHandler                 0x080001a3   Thumb Code     0  startup_stm32f10x_md.o(.text)
    DMA1_Channel3_IRQHandler                 0x080001a3   Thumb Code     0  startup_stm32f10x_md.o(.text)
    DMA1_Channel4_IRQHandler                 0x080001a3   Thumb Code     0  startup_stm32f10x_md.o(.text)
    DMA1_Channel5_IRQHandler                 0x080001a3   Thumb Code     0  startup_stm32f10x_md.o(.text)
    DMA1_Channel6_IRQHandler                 0x080001a3   Thumb Code     0  startup_stm32f10x_md.o(.text)
    DMA1_Channel7_IRQHandler                 0x080001a3   Thumb Code     0  startup_stm32f10x_md.o(.text)
    EXTI0_IRQHandler                         0x080001a3   Thumb Code     0  startup_stm32f10x_md.o(.text)
    EXTI15_10_IRQHandler                     0x080001a3   Thumb Code     0  startup_stm32f10x_md.o(.text)
    EXTI1_IRQHandler                         0x080001a3   Thumb Code     0  startup_stm32f10x_md.o(.text)
    EXTI2_IRQHandler                         0x080001a3   Thumb Code     0  startup_stm32f10x_md.o(.text)
    EXTI3_IRQHandler                         0x080001a3   Thumb Code     0  startup_stm32f10x_md.o(.text)
    EXTI4_IRQHandler                         0x080001a3   Thumb Code     0  startup_stm32f10x_md.o(.text)
    EXTI9_5_IRQHandler                       0x080001a3   Thumb Code     0  startup_stm32f10x_md.o(.text)
    FLASH_IRQHandler                         0x080001a3   Thumb Code     0  startup_stm32f10x_md.o(.text)
    I2C1_ER_IRQHandler                       0x080001a3   Thumb Code     0  startup_stm32f10x_md.o(.text)
    I2C1_EV_IRQHandler                       0x080001a3   Thumb Code     0  startup_stm32f10x_md.o(.text)
    I2C2_ER_IRQHandler                       0x080001a3   Thumb Code     0  startup_stm32f10x_md.o(.text)
    I2C2_EV_IRQHandler                       0x080001a3   Thumb Code     0  startup_stm32f10x_md.o(.text)
    PVD_IRQHandler                           0x080001a3   Thumb Code     0  startup_stm32f10x_md.o(.text)
    RCC_IRQHandler                           0x080001a3   Thumb Code     0  startup_stm32f10x_md.o(.text)
    RTCAlarm_IRQHandler                      0x080001a3   Thumb Code     0  startup_stm32f10x_md.o(.text)
    RTC_IRQHandler                           0x080001a3   Thumb Code     0  startup_stm32f10x_md.o(.text)
    SPI1_IRQHandler                          0x080001a3   Thumb Code     0  startup_stm32f10x_md.o(.text)
    SPI2_IRQHandler                          0x080001a3   Thumb Code     0  startup_stm32f10x_md.o(.text)
    TAMPER_IRQHandler                        0x080001a3   Thumb Code     0  startup_stm32f10x_md.o(.text)
    TIM1_BRK_IRQHandler                      0x080001a3   Thumb Code     0  startup_stm32f10x_md.o(.text)
    TIM1_CC_IRQHandler                       0x080001a3   Thumb Code     0  startup_stm32f10x_md.o(.text)
    TIM1_TRG_COM_IRQHandler                  0x080001a3   Thumb Code     0  startup_stm32f10x_md.o(.text)
    TIM1_UP_IRQHandler                       0x080001a3   Thumb Code     0  startup_stm32f10x_md.o(.text)
    TIM2_IRQHandler                          0x080001a3   Thumb Code     0  startup_stm32f10x_md.o(.text)
    TIM3_IRQHandler                          0x080001a3   Thumb Code     0  startup_stm32f10x_md.o(.text)
    TIM4_IRQHandler                          0x080001a3   Thumb Code     0  startup_stm32f10x_md.o(.text)
    USART1_IRQHandler                        0x080001a3   Thumb Code     0  startup_stm32f10x_md.o(.text)
    USART2_IRQHandler                        0x080001a3   Thumb Code     0  startup_stm32f10x_md.o(.text)
    USART3_IRQHandler                        0x080001a3   Thumb Code     0  startup_stm32f10x_md.o(.text)
    USBWakeUp_IRQHandler                     0x080001a3   Thumb Code     0  startup_stm32f10x_md.o(.text)
    USB_HP_CAN1_TX_IRQHandler                0x080001a3   Thumb Code     0  startup_stm32f10x_md.o(.text)
    USB_LP_CAN1_RX0_IRQHandler               0x080001a3   Thumb Code     0  startup_stm32f10x_md.o(.text)
    WWDG_IRQHandler                          0x080001a3   Thumb Code     0  startup_stm32f10x_md.o(.text)
    __user_initial_stackheap                 0x080001a5   Thumb Code     0  startup_stm32f10x_md.o(.text)
    __use_two_region_memory                  0x080001c9   Thumb Code     2  heapauxi.o(.text)
    __rt_heap_escrow$2region                 0x080001cb   Thumb Code     2  heapauxi.o(.text)
    __rt_heap_expand$2region                 0x080001cd   Thumb Code     2  heapauxi.o(.text)
    __user_setup_stackheap                   0x080001cf   Thumb Code    74  sys_stackheap_outer.o(.text)
    exit                                     0x08000219   Thumb Code    18  exit.o(.text)
    __user_libspace                          0x0800022d   Thumb Code     8  libspace.o(.text)
    __user_perproc_libspace                  0x0800022d   Thumb Code     0  libspace.o(.text)
    __user_perthread_libspace                0x0800022d   Thumb Code     0  libspace.o(.text)
    _sys_exit                                0x08000235   Thumb Code     8  sys_exit.o(.text)
    __I$use$semihosting                      0x08000241   Thumb Code     0  use_no_semi.o(.text)
    __use_no_semihosting_swi                 0x08000241   Thumb Code     2  use_no_semi.o(.text)
    __semihosting_library_function           0x08000243   Thumb Code     0  indicate_semi.o(.text)
    BL_CheckAppValid                         0x08000245   Thumb Code    40  bootloader.o(i.BL_CheckAppValid)
    BL_JumpToApp                             0x08000315   Thumb Code    42  bootloader.o(i.BL_JumpToApp)
    BL_ProcessPacket                         0x08000349   Thumb Code   212  bootloader.o(i.BL_ProcessPacket)
    Bootloader_Run                           0x080004cd   Thumb Code    72  bootloader.o(i.Bootloader_Run)
    CRC_CalcChecksum                         0x08000529   Thumb Code    40  crc.o(i.CRC_CalcChecksum)
    FLASH_ClearFlag                          0x08000551   Thumb Code    30  stm32f10x_flash.o(i.FLASH_ClearFlag)
    FLASH_ErasePage                          0x08000575   Thumb Code    96  stm32f10x_flash.o(i.FLASH_ErasePage)
    FLASH_GetBank1Status                     0x080005dd   Thumb Code    48  stm32f10x_flash.o(i.FLASH_GetBank1Status)
    FLASH_Lock                               0x08000611   Thumb Code    14  stm32f10x_flash.o(i.FLASH_Lock)
    FLASH_ProgramWord                        0x08000625   Thumb Code   128  stm32f10x_flash.o(i.FLASH_ProgramWord)
    FLASH_Unlock                             0x080006ad   Thumb Code    12  stm32f10x_flash.o(i.FLASH_Unlock)
    FLASH_WaitForLastOperation               0x080006c5   Thumb Code    38  stm32f10x_flash.o(i.FLASH_WaitForLastOperation)
    GPIO_Init                                0x080006ed   Thumb Code   386  stm32f10x_gpio.o(i.GPIO_Init)
    IP_FLASH_ErasePage                       0x0800088d   Thumb Code    30  ip_flash.o(i.IP_FLASH_ErasePage)
    IP_FLASH_Lock                            0x080008ab   Thumb Code     8  ip_flash.o(i.IP_FLASH_Lock)
    IP_FLASH_ProgramWord                     0x080008b3   Thumb Code    34  ip_flash.o(i.IP_FLASH_ProgramWord)
    IP_FLASH_Unlock                          0x080008d5   Thumb Code     8  ip_flash.o(i.IP_FLASH_Unlock)
    IP_UART_Available                        0x080008dd   Thumb Code    20  ip_uart.o(i.IP_UART_Available)
    IP_UART_Init                             0x080008f5   Thumb Code   114  ip_uart.o(i.IP_UART_Init)
    IP_UART_ReceiveByte                      0x08000971   Thumb Code    26  ip_uart.o(i.IP_UART_ReceiveByte)
    IP_UART_SendByte                         0x08000991   Thumb Code    28  ip_uart.o(i.IP_UART_SendByte)
    Protocol_ReceivePacket                   0x080009b1   Thumb Code   114  protocol.o(i.Protocol_ReceivePacket)
    RCC_APB2PeriphClockCmd                   0x08000a25   Thumb Code    70  stm32f10x_rcc.o(i.RCC_APB2PeriphClockCmd)
    RCC_GetClocksFreq                        0x08000a75   Thumb Code   192  stm32f10x_rcc.o(i.RCC_GetClocksFreq)
    SystemInit                               0x08000c31   Thumb Code    78  system_stm32f10x.o(i.SystemInit)
    USART_Cmd                                0x08000c91   Thumb Code    90  stm32f10x_usart.o(i.USART_Cmd)
    USART_GetFlagStatus                      0x08000d01   Thumb Code   158  stm32f10x_usart.o(i.USART_GetFlagStatus)
    USART_Init                               0x08000db5   Thumb Code   466  stm32f10x_usart.o(i.USART_Init)
    USART_ReceiveData                        0x08000fa1   Thumb Code    54  stm32f10x_usart.o(i.USART_ReceiveData)
    USART_SendData                           0x08000fed   Thumb Code    74  stm32f10x_usart.o(i.USART_SendData)
    assert_param                             0x0800104d   Thumb Code     2  assert.o(i.assert_param)
    main                                     0x0800104f   Thumb Code     8  main.o(i.main)
    Region$$Table$$Base                      0x08001058   Number         0  anon$$obj.o(Region$$Table)
    Region$$Table$$Limit                     0x08001078   Number         0  anon$$obj.o(Region$$Table)
    __libspace_start                         0x20000044   Data          96  libspace.o(.bss)
    __temporary_stack_top$libspace           0x200000a4   Data           0  libspace.o(.bss)



==============================================================================

Memory Map of the image

  Image Entry point : 0x080000ed

  Load Region LR_IROM1 (Base: 0x08000000, Size: 0x00001098, Max: 0x00008000, ABSOLUTE)

    Execution Region ER_IROM1 (Base: 0x08000000, Size: 0x00001078, Max: 0x00008000, ABSOLUTE)

    Base Addr    Size         Type   Attr      Idx    E Section Name        Object

    0x08000000   0x000000ec   Data   RO         1072    RESET               startup_stm32f10x_md.o
    0x080000ec   0x00000008   Code   RO         1127  * !!!main             c_w.l(__main.o)
    0x080000f4   0x00000034   Code   RO         1284    !!!scatter          c_w.l(__scatter.o)
    0x08000128   0x0000001a   Code   RO         1286    !!handler_copy      c_w.l(__scatter_copy.o)
    0x08000142   0x00000002   PAD
    0x08000144   0x0000001c   Code   RO         1288    !!handler_zi        c_w.l(__scatter_zi.o)
    0x08000160   0x00000002   Code   RO         1154    .ARM.Collect$$libinit$$00000000  c_w.l(libinit.o)
    0x08000162   0x00000000   Code   RO         1161    .ARM.Collect$$libinit$$00000002  c_w.l(libinit2.o)
    0x08000162   0x00000000   Code   RO         1163    .ARM.Collect$$libinit$$00000004  c_w.l(libinit2.o)
    0x08000162   0x00000000   Code   RO         1166    .ARM.Collect$$libinit$$0000000A  c_w.l(libinit2.o)
    0x08000162   0x00000000   Code   RO         1168    .ARM.Collect$$libinit$$0000000C  c_w.l(libinit2.o)
    0x08000162   0x00000000   Code   RO         1170    .ARM.Collect$$libinit$$0000000E  c_w.l(libinit2.o)
    0x08000162   0x00000000   Code   RO         1173    .ARM.Collect$$libinit$$00000011  c_w.l(libinit2.o)
    0x08000162   0x00000000   Code   RO         1175    .ARM.Collect$$libinit$$00000013  c_w.l(libinit2.o)
    0x08000162   0x00000000   Code   RO         1177    .ARM.Collect$$libinit$$00000015  c_w.l(libinit2.o)
    0x08000162   0x00000000   Code   RO         1179    .ARM.Collect$$libinit$$00000017  c_w.l(libinit2.o)
    0x08000162   0x00000000   Code   RO         1181    .ARM.Collect$$libinit$$00000019  c_w.l(libinit2.o)
    0x08000162   0x00000000   Code   RO         1183    .ARM.Collect$$libinit$$0000001B  c_w.l(libinit2.o)
    0x08000162   0x00000000   Code   RO         1185    .ARM.Collect$$libinit$$0000001D  c_w.l(libinit2.o)
    0x08000162   0x00000000   Code   RO         1187    .ARM.Collect$$libinit$$0000001F  c_w.l(libinit2.o)
    0x08000162   0x00000000   Code   RO         1189    .ARM.Collect$$libinit$$00000021  c_w.l(libinit2.o)
    0x08000162   0x00000000   Code   RO         1191    .ARM.Collect$$libinit$$00000023  c_w.l(libinit2.o)
    0x08000162   0x00000000   Code   RO         1193    .ARM.Collect$$libinit$$00000025  c_w.l(libinit2.o)
    0x08000162   0x00000000   Code   RO         1197    .ARM.Collect$$libinit$$0000002C  c_w.l(libinit2.o)
    0x08000162   0x00000000   Code   RO         1199    .ARM.Collect$$libinit$$0000002E  c_w.l(libinit2.o)
    0x08000162   0x00000000   Code   RO         1201    .ARM.Collect$$libinit$$00000030  c_w.l(libinit2.o)
    0x08000162   0x00000000   Code   RO         1203    .ARM.Collect$$libinit$$00000032  c_w.l(libinit2.o)
    0x08000162   0x00000002   Code   RO         1204    .ARM.Collect$$libinit$$00000033  c_w.l(libinit2.o)
    0x08000164   0x00000002   Code   RO         1224    .ARM.Collect$$libshutdown$$00000000  c_w.l(libshutdown.o)
    0x08000166   0x00000000   Code   RO         1237    .ARM.Collect$$libshutdown$$00000002  c_w.l(libshutdown2.o)
    0x08000166   0x00000000   Code   RO         1239    .ARM.Collect$$libshutdown$$00000004  c_w.l(libshutdown2.o)
    0x08000166   0x00000000   Code   RO         1242    .ARM.Collect$$libshutdown$$00000007  c_w.l(libshutdown2.o)
    0x08000166   0x00000000   Code   RO         1245    .ARM.Collect$$libshutdown$$0000000A  c_w.l(libshutdown2.o)
    0x08000166   0x00000000   Code   RO         1247    .ARM.Collect$$libshutdown$$0000000C  c_w.l(libshutdown2.o)
    0x08000166   0x00000000   Code   RO         1250    .ARM.Collect$$libshutdown$$0000000F  c_w.l(libshutdown2.o)
    0x08000166   0x00000002   Code   RO         1251    .ARM.Collect$$libshutdown$$00000010  c_w.l(libshutdown2.o)
    0x08000168   0x00000000   Code   RO         1129    .ARM.Collect$$rtentry$$00000000  c_w.l(__rtentry.o)
    0x08000168   0x00000000   Code   RO         1131    .ARM.Collect$$rtentry$$00000002  c_w.l(__rtentry2.o)
    0x08000168   0x00000006   Code   RO         1143    .ARM.Collect$$rtentry$$00000004  c_w.l(__rtentry4.o)
    0x0800016e   0x00000000   Code   RO         1133    .ARM.Collect$$rtentry$$00000009  c_w.l(__rtentry2.o)
    0x0800016e   0x00000004   Code   RO         1134    .ARM.Collect$$rtentry$$0000000A  c_w.l(__rtentry2.o)
    0x08000172   0x00000000   Code   RO         1136    .ARM.Collect$$rtentry$$0000000C  c_w.l(__rtentry2.o)
    0x08000172   0x00000008   Code   RO         1137    .ARM.Collect$$rtentry$$0000000D  c_w.l(__rtentry2.o)
    0x0800017a   0x00000002   Code   RO         1158    .ARM.Collect$$rtexit$$00000000  c_w.l(rtexit.o)
    0x0800017c   0x00000000   Code   RO         1206    .ARM.Collect$$rtexit$$00000002  c_w.l(rtexit2.o)
    0x0800017c   0x00000004   Code   RO         1207    .ARM.Collect$$rtexit$$00000003  c_w.l(rtexit2.o)
    0x08000180   0x00000006   Code   RO         1208    .ARM.Collect$$rtexit$$00000004  c_w.l(rtexit2.o)
    0x08000186   0x00000002   PAD
    0x08000188   0x00000040   Code   RO         1073    .text               startup_stm32f10x_md.o
    0x080001c8   0x00000006   Code   RO         1125    .text               c_w.l(heapauxi.o)
    0x080001ce   0x0000004a   Code   RO         1145    .text               c_w.l(sys_stackheap_outer.o)
    0x08000218   0x00000012   Code   RO         1147    .text               c_w.l(exit.o)
    0x0800022a   0x00000002   PAD
    0x0800022c   0x00000008   Code   RO         1155    .text               c_w.l(libspace.o)
    0x08000234   0x0000000c   Code   RO         1216    .text               c_w.l(sys_exit.o)
    0x08000240   0x00000002   Code   RO         1227    .text               c_w.l(use_no_semi.o)
    0x08000242   0x00000000   Code   RO         1229    .text               c_w.l(indicate_semi.o)
    0x08000242   0x00000002   PAD
    0x08000244   0x00000034   Code   RO            4    i.BL_CheckAppValid  bootloader.o
    0x08000278   0x0000004c   Code   RO            5    i.BL_CopyTempToApp  bootloader.o
    0x080002c4   0x00000028   Code   RO            6    i.BL_EraseAppArea   bootloader.o
    0x080002ec   0x00000028   Code   RO            7    i.BL_EraseTempArea  bootloader.o
    0x08000314   0x00000034   Code   RO            8    i.BL_JumpToApp      bootloader.o
    0x08000348   0x000000e8   Code   RO            9    i.BL_ProcessPacket  bootloader.o
    0x08000430   0x0000000a   Code   RO           10    i.BL_SendAck        bootloader.o
    0x0800043a   0x0000000a   Code   RO           11    i.BL_SendNack       bootloader.o
    0x08000444   0x00000088   Code   RO           12    i.BL_WriteDataToTemp  bootloader.o
    0x080004cc   0x0000005c   Code   RO           13    i.Bootloader_Run    bootloader.o
    0x08000528   0x00000028   Code   RO          267    i.CRC_CalcChecksum  crc.o
    0x08000550   0x00000024   Code   RO          309    i.FLASH_ClearFlag   stm32f10x_flash.o
    0x08000574   0x00000068   Code   RO          314    i.FLASH_ErasePage   stm32f10x_flash.o
    0x080005dc   0x00000034   Code   RO          315    i.FLASH_GetBank1Status  stm32f10x_flash.o
    0x08000610   0x00000014   Code   RO          324    i.FLASH_Lock        stm32f10x_flash.o
    0x08000624   0x00000088   Code   RO          329    i.FLASH_ProgramWord  stm32f10x_flash.o
    0x080006ac   0x00000018   Code   RO          332    i.FLASH_Unlock      stm32f10x_flash.o
    0x080006c4   0x00000026   Code   RO          336    i.FLASH_WaitForLastOperation  stm32f10x_flash.o
    0x080006ea   0x00000002   PAD
    0x080006ec   0x000001a0   Code   RO          501    i.GPIO_Init         stm32f10x_gpio.o
    0x0800088c   0x0000001e   Code   RO          123    i.IP_FLASH_ErasePage  ip_flash.o
    0x080008aa   0x00000008   Code   RO          124    i.IP_FLASH_Lock     ip_flash.o
    0x080008b2   0x00000022   Code   RO          125    i.IP_FLASH_ProgramWord  ip_flash.o
    0x080008d4   0x00000008   Code   RO          126    i.IP_FLASH_Unlock   ip_flash.o
    0x080008dc   0x00000018   Code   RO          168    i.IP_UART_Available  ip_uart.o
    0x080008f4   0x0000007c   Code   RO          169    i.IP_UART_Init      ip_uart.o
    0x08000970   0x00000020   Code   RO          170    i.IP_UART_ReceiveByte  ip_uart.o
    0x08000990   0x00000020   Code   RO          171    i.IP_UART_SendByte  ip_uart.o
    0x080009b0   0x00000072   Code   RO          285    i.Protocol_ReceivePacket  protocol.o
    0x08000a22   0x00000002   PAD
    0x08000a24   0x00000050   Code   RO          625    i.RCC_APB2PeriphClockCmd  stm32f10x_rcc.o
    0x08000a74   0x000000d4   Code   RO          633    i.RCC_GetClocksFreq  stm32f10x_rcc.o
    0x08000b48   0x00000008   Code   RO         1080    i.SetSysClock       system_stm32f10x.o
    0x08000b50   0x000000e0   Code   RO         1081    i.SetSysClockTo72   system_stm32f10x.o
    0x08000c30   0x00000060   Code   RO         1083    i.SystemInit        system_stm32f10x.o
    0x08000c90   0x00000070   Code   RO          837    i.USART_Cmd         stm32f10x_usart.o
    0x08000d00   0x000000b4   Code   RO          840    i.USART_GetFlagStatus  stm32f10x_usart.o
    0x08000db4   0x000001ec   Code   RO          844    i.USART_Init        stm32f10x_usart.o
    0x08000fa0   0x0000004c   Code   RO          851    i.USART_ReceiveData  stm32f10x_usart.o
    0x08000fec   0x00000060   Code   RO          854    i.USART_SendData    stm32f10x_usart.o
    0x0800104c   0x00000002   Code   RO          246    i.assert_param      assert.o
    0x0800104e   0x00000008   Code   RO          219    i.main              main.o
    0x08001056   0x00000002   PAD
    0x08001058   0x00000020   Data   RO         1282    Region$$Table       anon$$obj.o


    Execution Region RW_IRAM1 (Base: 0x20000000, Size: 0x000006a8, Max: 0x00005000, ABSOLUTE)

    Base Addr    Size         Type   Attr      Idx    E Section Name        Object

    0x20000000   0x0000000c   Data   RW           15    .data               bootloader.o
    0x2000000c   0x00000014   Data   RW          653    .data               stm32f10x_rcc.o
    0x20000020   0x00000024   Zero   RW           14    .bss                bootloader.o
    0x20000044   0x00000060   Zero   RW         1156    .bss                c_w.l(libspace.o)
    0x200000a4   0x00000004   PAD
    0x200000a8   0x00000200   Zero   RW         1071    HEAP                startup_stm32f10x_md.o
    0x200002a8   0x00000400   Zero   RW         1070    STACK               startup_stm32f10x_md.o


==============================================================================

Image component sizes


      Code (inc. data)   RO Data    RW Data    ZI Data      Debug   Object Name

         2          0          0          0          0        403   assert.o
       740         98          0         12         36     225562   bootloader.o
        40          0          0          0          0        919   crc.o
        80          0          0          0          0       2038   ip_flash.o
       212         24          0          0          0      25636   ip_uart.o
         8          0          0          0          0        379   main.o
       114          0          0          0          0       1085   protocol.o
        64         26        236          0       1536        796   startup_stm32f10x_md.o
       410         44          0          0          0       6180   stm32f10x_flash.o
       416         30          0          0          0       2360   stm32f10x_gpio.o
       292         30          0         20          0       4313   stm32f10x_rcc.o
       956        114          0          0          0       5656   stm32f10x_usart.o
       328         28          0          0          0       1917   system_stm32f10x.o

    ----------------------------------------------------------------------
      3668        394        268         32       1572     277244   Object Totals
         0          0         32          0          0          0   (incl. Generated)
         6          0          0          0          0          0   (incl. Padding)

    ----------------------------------------------------------------------

      Code (inc. data)   RO Data    RW Data    ZI Data      Debug   Library Member Name

         8          0          0          0          0         68   __main.o
         0          0          0          0          0          0   __rtentry.o
        12          0          0          0          0          0   __rtentry2.o
         6          0          0          0          0          0   __rtentry4.o
        52          8          0          0          0          0   __scatter.o
        26          0          0          0          0          0   __scatter_copy.o
        28          0          0          0          0          0   __scatter_zi.o
        18          0          0          0          0         80   exit.o
         6          0          0          0          0        152   heapauxi.o
         0          0          0          0          0          0   indicate_semi.o
         2          0          0          0          0          0   libinit.o
         2          0          0          0          0          0   libinit2.o
         2          0          0          0          0          0   libshutdown.o
         2          0          0          0          0          0   libshutdown2.o
         8          4          0          0         96         68   libspace.o
         2          0          0          0          0          0   rtexit.o
        10          0          0          0          0          0   rtexit2.o
        12          4          0          0          0         68   sys_exit.o
        74          0          0          0          0         80   sys_stackheap_outer.o
         2          0          0          0          0         68   use_no_semi.o

    ----------------------------------------------------------------------
       280         16          0          0        100        584   Library Totals
         8          0          0          0          4          0   (incl. Padding)

    ----------------------------------------------------------------------

      Code (inc. data)   RO Data    RW Data    ZI Data      Debug   Library Name

       272         16          0          0         96        584   c_w.l

    ----------------------------------------------------------------------
       280         16          0          0        100        584   Library Totals

    ----------------------------------------------------------------------

==============================================================================


      Code (inc. data)   RO Data    RW Data    ZI Data      Debug   

      3948        410        268         32       1672     275796   Grand Totals
      3948        410        268         32       1672     275796   ELF Image Totals
      3948        410        268         32          0          0   ROM Totals

==============================================================================

    Total RO  Size (Code + RO Data)                 4216 (   4.12kB)
    Total RW  Size (RW Data + ZI Data)              1704 (   1.66kB)
    Total ROM Size (Code + RO Data + RW Data)       4248 (   4.15kB)

==============================================================================

